Archive member included because of file (symbol)

/home/kleber/Downloads/mbed-master/build/mbed/TARGET_MTS_MDOT_F405RG/TOOLCHAIN_GCC_ARM/libmbed.a(analogin_api.o)
                              ./obj/user/main.o (analogin_init)
/home/kleber/Downloads/mbed-master/build/mbed/TARGET_MTS_MDOT_F405RG/TOOLCHAIN_GCC_ARM/libmbed.a(pwmout_api.o)
                              ./obj/user/main.o (pwmout_init)
/home/kleber/Downloads/mbed-master/build/mbed/TARGET_MTS_MDOT_F405RG/TOOLCHAIN_GCC_ARM/libmbed.a(serial_api.o)
                              /home/kleber/Downloads/mbed-master/build/mbed/TARGET_MTS_MDOT_F405RG/TOOLCHAIN_GCC_ARM/retarget.o (serial_init)
/home/kleber/Downloads/mbed-master/build/mbed/TARGET_MTS_MDOT_F405RG/TOOLCHAIN_GCC_ARM/libmbed.a(FilePath.o)
                              /home/kleber/Downloads/mbed-master/build/mbed/TARGET_MTS_MDOT_F405RG/TOOLCHAIN_GCC_ARM/retarget.o (mbed::FilePath::FilePath(char const*))
/home/kleber/Downloads/mbed-master/build/mbed/TARGET_MTS_MDOT_F405RG/TOOLCHAIN_GCC_ARM/libmbed.a(FileSystemLike.o)
                              /home/kleber/Downloads/mbed-master/build/mbed/TARGET_MTS_MDOT_F405RG/TOOLCHAIN_GCC_ARM/retarget.o (mbed::FileSystemLike::opendir())
/home/kleber/Downloads/mbed-master/build/mbed/TARGET_MTS_MDOT_F405RG/TOOLCHAIN_GCC_ARM/libmbed.a(assert.o)
                              /home/kleber/Downloads/mbed-master/build/mbed/TARGET_MTS_MDOT_F405RG/TOOLCHAIN_GCC_ARM/libmbed.a(analogin_api.o) (mbed_assert_internal)
/home/kleber/Downloads/mbed-master/build/mbed/TARGET_MTS_MDOT_F405RG/TOOLCHAIN_GCC_ARM/libmbed.a(error.o)
                              /home/kleber/Downloads/mbed-master/build/mbed/TARGET_MTS_MDOT_F405RG/TOOLCHAIN_GCC_ARM/retarget.o (error)
/home/kleber/Downloads/mbed-master/build/mbed/TARGET_MTS_MDOT_F405RG/TOOLCHAIN_GCC_ARM/libmbed.a(pinmap_common.o)
                              /home/kleber/Downloads/mbed-master/build/mbed/TARGET_MTS_MDOT_F405RG/TOOLCHAIN_GCC_ARM/libmbed.a(analogin_api.o) (pinmap_pinout)
/home/kleber/Downloads/mbed-master/build/mbed/TARGET_MTS_MDOT_F405RG/TOOLCHAIN_GCC_ARM/libmbed.a(us_ticker_api.o)
                              /home/kleber/Downloads/mbed-master/build/mbed/TARGET_MTS_MDOT_F405RG/TOOLCHAIN_GCC_ARM/hal_tick.o (us_ticker_irq_handler)
/home/kleber/Downloads/mbed-master/build/mbed/TARGET_MTS_MDOT_F405RG/TOOLCHAIN_GCC_ARM/libmbed.a(wait_api.o)
                              /home/kleber/Downloads/mbed-master/build/mbed/TARGET_MTS_MDOT_F405RG/TOOLCHAIN_GCC_ARM/board.o (wait_ms)
/home/kleber/Downloads/mbed-master/build/mbed/TARGET_MTS_MDOT_F405RG/TOOLCHAIN_GCC_ARM/libmbed.a(PeripheralPins.o)
                              /home/kleber/Downloads/mbed-master/build/mbed/TARGET_MTS_MDOT_F405RG/TOOLCHAIN_GCC_ARM/libmbed.a(serial_api.o) (PinMap_UART_RX)
/home/kleber/Downloads/mbed-master/build/mbed/TARGET_MTS_MDOT_F405RG/TOOLCHAIN_GCC_ARM/libmbed.a(pinmap.o)
                              /home/kleber/Downloads/mbed-master/build/mbed/TARGET_MTS_MDOT_F405RG/TOOLCHAIN_GCC_ARM/libmbed.a(pwmout_api.o) (pin_function)
/home/kleber/Downloads/mbed-master/build/mbed/TARGET_MTS_MDOT_F405RG/TOOLCHAIN_GCC_ARM/libmbed.a(us_ticker.o)
                              /home/kleber/Downloads/mbed-master/build/mbed/TARGET_MTS_MDOT_F405RG/TOOLCHAIN_GCC_ARM/libmbed.a(us_ticker_api.o) (us_ticker_init)
/home/kleber/Downloads/mbed-master/build/mbed/TARGET_MTS_MDOT_F405RG/TOOLCHAIN_GCC_ARM/libmbed.a(FileBase.o)
                              /home/kleber/Downloads/mbed-master/build/mbed/TARGET_MTS_MDOT_F405RG/TOOLCHAIN_GCC_ARM/libmbed.a(FileSystemLike.o) (mbed::FileBase::~FileBase())
/home/kleber/Downloads/mbed-master/build/mbed/TARGET_MTS_MDOT_F405RG/TOOLCHAIN_GCC_ARM/libmbed.a(ticker_api.o)
                              /home/kleber/Downloads/mbed-master/build/mbed/TARGET_MTS_MDOT_F405RG/TOOLCHAIN_GCC_ARM/libmbed.a(us_ticker_api.o) (ticker_irq_handler)
/usr/bin/../lib/gcc/arm-none-eabi/4.9.3/../../../../arm-none-eabi/lib/armv7e-m/softfp/libstdc++_nano.a(del_op.o)
                              /home/kleber/Downloads/mbed-master/build/mbed/TARGET_MTS_MDOT_F405RG/TOOLCHAIN_GCC_ARM/retarget.o (operator delete(void*))
/usr/bin/../lib/gcc/arm-none-eabi/4.9.3/../../../../arm-none-eabi/lib/armv7e-m/softfp/libstdc++_nano.a(new_op.o)
                              /home/kleber/Downloads/mbed-master/build/mbed/TARGET_MTS_MDOT_F405RG/TOOLCHAIN_GCC_ARM/libmbed.a(FileSystemLike.o) (operator new(unsigned int))
/usr/bin/../lib/gcc/arm-none-eabi/4.9.3/../../../../arm-none-eabi/lib/armv7e-m/softfp/libstdc++_nano.a(new_handler.o)
                              /usr/bin/../lib/gcc/arm-none-eabi/4.9.3/../../../../arm-none-eabi/lib/armv7e-m/softfp/libstdc++_nano.a(new_op.o) (std::get_new_handler())
/usr/bin/../lib/gcc/arm-none-eabi/4.9.3/../../../../arm-none-eabi/lib/armv7e-m/softfp/libc_nano.a(lib_a-abort.o)
                              /usr/bin/../lib/gcc/arm-none-eabi/4.9.3/../../../../arm-none-eabi/lib/armv7e-m/softfp/libstdc++_nano.a(new_op.o) (abort)
[...]
Memory Configuration

Name             Origin             Length             Attributes
FLASH            0x0000000008000000 0x0000000000100000 xr
CCM              0x0000000010000000 0x0000000000010000 xrw
RAM              0x0000000020000188 0x000000000001fe78 xrw
*default*        0x0000000000000000 0xffffffffffffffff

Linker script and memory map

LOAD /usr/bin/../lib/gcc/arm-none-eabi/4.9.3/armv7e-m/softfp/crti.o
LOAD /usr/bin/../lib/gcc/arm-none-eabi/4.9.3/armv7e-m/softfp/crtbegin.o
LOAD /usr/bin/../lib/gcc/arm-none-eabi/4.9.3/../../../../arm-none-eabi/lib/armv7e-m/softfp/crt0.o
LOAD /home/kleber/Downloads/mbed-master/build/mbed/TARGET_MTS_MDOT_F405RG/TOOLCHAIN_GCC_ARM/stm32f4xx_hal_adc.o
LOAD /home/kleber/Downloads/mbed-master/build/mbed/TARGET_MTS_MDOT_F405RG/TOOLCHAIN_GCC_ARM/stm32f4xx_hal_lptim.o
LOAD /home/kleber/Downloads/mbed-master/build/mbed/TARGET_MTS_MDOT_F405RG/TOOLCHAIN_GCC_ARM/stm32f4xx_hal_spi.o
LOAD /home/kleber/Downloads/mbed-master/build/mbed/TARGET_MTS_MDOT_F405RG/TOOLCHAIN_GCC_ARM/stm32f4xx_hal_i2c_ex.o
LOAD /home/kleber/Downloads/mbed-master/build/mbed/TARGET_MTS_MDOT_F405RG/TOOLCHAIN_GCC_ARM/stm32f4xx_hal_gpio.o
LOAD /home/kleber/Downloads/mbed-master/build/mbed/TARGET_MTS_MDOT_F405RG/TOOLCHAIN_GCC_ARM/stm32f4xx_hal_dsi.o
LOAD /home/kleber/Downloads/mbed-master/build/mbed/TARGET_MTS_MDOT_F405RG/TOOLCHAIN_GCC_ARM/cmsis_nvic.o
LOAD /home/kleber/Downloads/mbed-master/build/mbed/TARGET_MTS_MDOT_F405RG/TOOLCHAIN_GCC_ARM/stm32f4xx_hal_fmpi2c.o
LOAD /home/kleber/Downloads/mbed-master/build/mbed/TARGET_MTS_MDOT_F405RG/TOOLCHAIN_GCC_ARM/stm32f4xx_hal_pccard.o
LOAD /home/kleber/Downloads/mbed-master/build/mbed/TARGET_MTS_MDOT_F405RG/TOOLCHAIN_GCC_ARM/stm32f4xx_hal_cec.o
LOAD /home/kleber/Downloads/mbed-master/build/mbed/TARGET_MTS_MDOT_F405RG/TOOLCHAIN_GCC_ARM/stm32f4xx_hal_sai.o
LOAD /home/kleber/Downloads/mbed-master/build/mbed/TARGET_MTS_MDOT_F405RG/TOOLCHAIN_GCC_ARM/stm32f4xx_hal_cryp_ex.o
LOAD /home/kleber/Downloads/mbed-master/build/mbed/TARGET_MTS_MDOT_F405RG/TOOLCHAIN_GCC_ARM/stm32f4xx_hal_rtc_ex.o
LOAD /home/kleber/Downloads/mbed-master/build/mbed/TARGET_MTS_MDOT_F405RG/TOOLCHAIN_GCC_ARM/stm32f4xx_ll_fmc.o
LOAD /home/kleber/Downloads/mbed-master/build/mbed/TARGET_MTS_MDOT_F405RG/TOOLCHAIN_GCC_ARM/stm32f4xx_hal_rtc.o
LOAD /home/kleber/Downloads/mbed-master/build/mbed/TARGET_MTS_MDOT_F405RG/TOOLCHAIN_GCC_ARM/stm32f4xx_hal_cortex.o
LOAD /home/kleber/Downloads/mbed-master/build/mbed/TARGET_MTS_MDOT_F405RG/TOOLCHAIN_GCC_ARM/stm32f4xx_hal_tim_ex.o
LOAD /home/kleber/Downloads/mbed-master/build/mbed/TARGET_MTS_MDOT_F405RG/TOOLCHAIN_GCC_ARM/stm32f4xx_hal_adc_ex.o
LOAD /home/kleber/Downloads/mbed-master/build/mbed/TARGET_MTS_MDOT_F405RG/TOOLCHAIN_GCC_ARM/stm32f4xx_hal_dma.o
LOAD /home/kleber/Downloads/mbed-master/build/mbed/TARGET_MTS_MDOT_F405RG/TOOLCHAIN_GCC_ARM/stm32f4xx_hal_tim.o
LOAD /home/kleber/Downloads/mbed-master/build/mbed/TARGET_MTS_MDOT_F405RG/TOOLCHAIN_GCC_ARM/mbed_overrides.o
LOAD /home/kleber/Downloads/mbed-master/build/mbed/TARGET_MTS_MDOT_F405RG/TOOLCHAIN_GCC_ARM/stm32f4xx_hal_dac_ex.o
LOAD /home/kleber/Downloads/mbed-master/build/mbed/TARGET_MTS_MDOT_F405RG/TOOLCHAIN_GCC_ARM/stm32f4xx_hal_sai_ex.o
LOAD /home/kleber/Downloads/mbed-master/build/mbed/TARGET_MTS_MDOT_F405RG/TOOLCHAIN_GCC_ARM/stm32f4xx_ll_sdmmc.o
LOAD /home/kleber/Downloads/mbed-master/build/mbed/TARGET_MTS_MDOT_F405RG/TOOLCHAIN_GCC_ARM/stm32f4xx_hal_can.o
LOAD /home/kleber/Downloads/mbed-master/build/mbed/TARGET_MTS_MDOT_F405RG/TOOLCHAIN_GCC_ARM/stm32f4xx_hal_nor.o
LOAD /home/kleber/Downloads/mbed-master/build/mbed/TARGET_MTS_MDOT_F405RG/TOOLCHAIN_GCC_ARM/stm32f4xx_hal_pwr.o
LOAD /home/kleber/Downloads/mbed-master/build/mbed/TARGET_MTS_MDOT_F405RG/TOOLCHAIN_GCC_ARM/stm32f4xx_hal_qspi.o
LOAD /home/kleber/Downloads/mbed-master/build/mbed/TARGET_MTS_MDOT_F405RG/TOOLCHAIN_GCC_ARM/stm32f4xx_hal_hash_ex.o
LOAD /home/kleber/Downloads/mbed-master/build/mbed/TARGET_MTS_MDOT_F405RG/TOOLCHAIN_GCC_ARM/stm32f4xx_hal_hcd.o
LOAD /home/kleber/Downloads/mbed-master/build/mbed/TARGET_MTS_MDOT_F405RG/TOOLCHAIN_GCC_ARM/stm32f4xx_hal_sd.o
LOAD /home/kleber/Downloads/mbed-master/build/mbed/TARGET_MTS_MDOT_F405RG/TOOLCHAIN_GCC_ARM/stm32f4xx_hal_i2s.o
LOAD /home/kleber/Downloads/mbed-master/build/mbed/TARGET_MTS_MDOT_F405RG/TOOLCHAIN_GCC_ARM/board.o
LOAD /home/kleber/Downloads/mbed-master/build/mbed/TARGET_MTS_MDOT_F405RG/TOOLCHAIN_GCC_ARM/stm32f4xx_hal_flash.o
LOAD /home/kleber/Downloads/mbed-master/build/mbed/TARGET_MTS_MDOT_F405RG/TOOLCHAIN_GCC_ARM/stm32f4xx_hal_eth.o
LOAD /home/kleber/Downloads/mbed-master/build/mbed/TARGET_MTS_MDOT_F405RG/TOOLCHAIN_GCC_ARM/stm32f4xx_ll_usb.o
LOAD /home/kleber/Downloads/mbed-master/build/mbed/TARGET_MTS_MDOT_F405RG/TOOLCHAIN_GCC_ARM/stm32f4xx_hal_dma_ex.o
LOAD /home/kleber/Downloads/mbed-master/build/mbed/TARGET_MTS_MDOT_F405RG/TOOLCHAIN_GCC_ARM/stm32f4xx_hal_sram.o
LOAD /home/kleber/Downloads/mbed-master/build/mbed/TARGET_MTS_MDOT_F405RG/TOOLCHAIN_GCC_ARM/stm32f4xx_hal_fmpi2c_ex.o
LOAD /home/kleber/Downloads/mbed-master/build/mbed/TARGET_MTS_MDOT_F405RG/TOOLCHAIN_GCC_ARM/stm32f4xx_hal_rcc.o
LOAD /home/kleber/Downloads/mbed-master/build/mbed/TARGET_MTS_MDOT_F405RG/TOOLCHAIN_GCC_ARM/stm32f4xx_hal_hash.o
LOAD /home/kleber/Downloads/mbed-master/build/mbed/TARGET_MTS_MDOT_F405RG/TOOLCHAIN_GCC_ARM/stm32f4xx_hal_msp_template.o
LOAD /home/kleber/Downloads/mbed-master/build/mbed/TARGET_MTS_MDOT_F405RG/TOOLCHAIN_GCC_ARM/stm32f4xx_hal.o
LOAD /home/kleber/Downloads/mbed-master/build/mbed/TARGET_MTS_MDOT_F405RG/TOOLCHAIN_GCC_ARM/stm32f4xx_hal_dac.o
LOAD /home/kleber/Downloads/mbed-master/build/mbed/TARGET_MTS_MDOT_F405RG/TOOLCHAIN_GCC_ARM/stm32f4xx_hal_sdram.o
LOAD /home/kleber/Downloads/mbed-master/build/mbed/TARGET_MTS_MDOT_F405RG/TOOLCHAIN_GCC_ARM/stm32f4xx_hal_pwr_ex.o
LOAD /home/kleber/Downloads/mbed-master/build/mbed/TARGET_MTS_MDOT_F405RG/TOOLCHAIN_GCC_ARM/retarget.o
LOAD /home/kleber/Downloads/mbed-master/build/mbed/TARGET_MTS_MDOT_F405RG/TOOLCHAIN_GCC_ARM/stm32f4xx_hal_nand.o
LOAD /home/kleber/Downloads/mbed-master/build/mbed/TARGET_MTS_MDOT_F405RG/TOOLCHAIN_GCC_ARM/stm32f4xx_hal_uart.o
LOAD /home/kleber/Downloads/mbed-master/build/mbed/TARGET_MTS_MDOT_F405RG/TOOLCHAIN_GCC_ARM/stm32f4xx_hal_crc.o
LOAD /home/kleber/Downloads/mbed-master/build/mbed/TARGET_MTS_MDOT_F405RG/TOOLCHAIN_GCC_ARM/stm32f4xx_hal_i2s_ex.o
LOAD /home/kleber/Downloads/mbed-master/build/mbed/TARGET_MTS_MDOT_F405RG/TOOLCHAIN_GCC_ARM/stm32f4xx_hal_usart.o
LOAD /home/kleber/Downloads/mbed-master/build/mbed/TARGET_MTS_MDOT_F405RG/TOOLCHAIN_GCC_ARM/stm32f4xx_hal_dcmi.o
LOAD /home/kleber/Downloads/mbed-master/build/mbed/TARGET_MTS_MDOT_F405RG/TOOLCHAIN_GCC_ARM/stm32f4xx_hal_pcd.o
LOAD /home/kleber/Downloads/mbed-master/build/mbed/TARGET_MTS_MDOT_F405RG/TOOLCHAIN_GCC_ARM/startup_STM32F40x.o
LOAD /home/kleber/Downloads/mbed-master/build/mbed/TARGET_MTS_MDOT_F405RG/TOOLCHAIN_GCC_ARM/stm32f4xx_hal_irda.o
LOAD /home/kleber/Downloads/mbed-master/build/mbed/TARGET_MTS_MDOT_F405RG/TOOLCHAIN_GCC_ARM/stm32f4xx_hal_iwdg.o
LOAD /home/kleber/Downloads/mbed-master/build/mbed/TARGET_MTS_MDOT_F405RG/TOOLCHAIN_GCC_ARM/stm32f4xx_ll_fsmc.o
LOAD /home/kleber/Downloads/mbed-master/build/mbed/TARGET_MTS_MDOT_F405RG/TOOLCHAIN_GCC_ARM/stm32f4xx_hal_i2c.o
LOAD /home/kleber/Downloads/mbed-master/build/mbed/TARGET_MTS_MDOT_F405RG/TOOLCHAIN_GCC_ARM/stm32f4xx_hal_rcc_ex.o
LOAD /home/kleber/Downloads/mbed-master/build/mbed/TARGET_MTS_MDOT_F405RG/TOOLCHAIN_GCC_ARM/stm32f4xx_hal_flash_ex.o
LOAD /home/kleber/Downloads/mbed-master/build/mbed/TARGET_MTS_MDOT_F405RG/TOOLCHAIN_GCC_ARM/stm32f4xx_hal_smartcard.o
LOAD /home/kleber/Downloads/mbed-master/build/mbed/TARGET_MTS_MDOT_F405RG/TOOLCHAIN_GCC_ARM/stm32f4xx_hal_ltdc.o
LOAD /home/kleber/Downloads/mbed-master/build/mbed/TARGET_MTS_MDOT_F405RG/TOOLCHAIN_GCC_ARM/stm32f4xx_hal_cryp.o
LOAD /home/kleber/Downloads/mbed-master/build/mbed/TARGET_MTS_MDOT_F405RG/TOOLCHAIN_GCC_ARM/stm32f4xx_hal_rng.o
LOAD /home/kleber/Downloads/mbed-master/build/mbed/TARGET_MTS_MDOT_F405RG/TOOLCHAIN_GCC_ARM/stm32f4xx_hal_dma2d.o
LOAD /home/kleber/Downloads/mbed-master/build/mbed/TARGET_MTS_MDOT_F405RG/TOOLCHAIN_GCC_ARM/stm32f4xx_hal_spdifrx.o
LOAD /home/kleber/Downloads/mbed-master/build/mbed/TARGET_MTS_MDOT_F405RG/TOOLCHAIN_GCC_ARM/stm32f4xx_hal_dcmi_ex.o
LOAD /home/kleber/Downloads/mbed-master/build/mbed/TARGET_MTS_MDOT_F405RG/TOOLCHAIN_GCC_ARM/system_stm32f4xx.o
LOAD /home/kleber/Downloads/mbed-master/build/mbed/TARGET_MTS_MDOT_F405RG/TOOLCHAIN_GCC_ARM/hal_tick.o
LOAD /home/kleber/Downloads/mbed-master/build/mbed/TARGET_MTS_MDOT_F405RG/TOOLCHAIN_GCC_ARM/stm32f4xx_hal_ltdc_ex.o
LOAD /home/kleber/Downloads/mbed-master/build/mbed/TARGET_MTS_MDOT_F405RG/TOOLCHAIN_GCC_ARM/stm32f4xx_hal_flash_ramfunc.o
LOAD /home/kleber/Downloads/mbed-master/build/mbed/TARGET_MTS_MDOT_F405RG/TOOLCHAIN_GCC_ARM/stm32f4xx_hal_wwdg.o
LOAD /home/kleber/Downloads/mbed-master/build/mbed/TARGET_MTS_MDOT_F405RG/TOOLCHAIN_GCC_ARM/stm32f4xx_hal_pcd_ex.o
LOAD ./obj/user/main.o
LOAD /home/kleber/Downloads/mbed-master/build/mbed/TARGET_MTS_MDOT_F405RG/TOOLCHAIN_GCC_ARM/libmbed.a
LOAD /usr/bin/../lib/gcc/arm-none-eabi/4.9.3/../../../../arm-none-eabi/lib/armv7e-m/softfp/libstdc++_nano.a
LOAD /usr/bin/../lib/gcc/arm-none-eabi/4.9.3/../../../../arm-none-eabi/lib/armv7e-m/softfp/libsupc++_nano.a
LOAD /usr/bin/../lib/gcc/arm-none-eabi/4.9.3/../../../../arm-none-eabi/lib/armv7e-m/softfp/libm.a
LOAD /usr/bin/../lib/gcc/arm-none-eabi/4.9.3/../../../../arm-none-eabi/lib/armv7e-m/softfp/libc_nano.a
LOAD /usr/bin/../lib/gcc/arm-none-eabi/4.9.3/armv7e-m/softfp/libgcc.a
LOAD /usr/bin/../lib/gcc/arm-none-eabi/4.9.3/../../../../arm-none-eabi/lib/armv7e-m/softfp/libnosys.a
START GROUP
LOAD /usr/bin/../lib/gcc/arm-none-eabi/4.9.3/armv7e-m/softfp/libgcc.a
LOAD /usr/bin/../lib/gcc/arm-none-eabi/4.9.3/../../../../arm-none-eabi/lib/armv7e-m/softfp/libc_nano.a
END GROUP
START GROUP
LOAD /usr/bin/../lib/gcc/arm-none-eabi/4.9.3/armv7e-m/softfp/libgcc.a
LOAD /usr/bin/../lib/gcc/arm-none-eabi/4.9.3/../../../../arm-none-eabi/lib/armv7e-m/softfp/libc_nano.a
END GROUP
LOAD /usr/bin/../lib/gcc/arm-none-eabi/4.9.3/armv7e-m/softfp/crtend.o
LOAD /usr/bin/../lib/gcc/arm-none-eabi/4.9.3/armv7e-m/softfp/crtn.o

.text           0x0000000008000000     0x7bc8
 *(.isr_vector)
 .isr_vector    0x0000000008000000      0x188 /home/kleber/Downloads/mbed-master/build/mbed/TARGET_MTS_MDOT_F405RG/TOOLCHAIN_GCC_ARM/startup_STM32F40x.o
                0x0000000008000000                __isr_vector
 *(.text*)
 .text          0x0000000008000188       0x5c /usr/bin/../lib/gcc/arm-none-eabi/4.9.3/armv7e-m/softfp/crtbegin.o
 .text          0x00000000080001e4       0x74 /usr/bin/../lib/gcc/arm-none-eabi/4.9.3/../../../../arm-none-eabi/lib/armv7e-m/softfp/crt0.o
                0x00000000080001e4                _mainCRTStartup
                0x00000000080001e4                _start
 .text.HAL_ADC_MspInit
                0x0000000008000258        0x4 /home/kleber/Downloads/mbed-master/build/mbed/TARGET_MTS_MDOT_F405RG/TOOLCHAIN_GCC_ARM/stm32f4xx_hal_adc.o
                0x0000000008000258                HAL_ADC_MspInit
 .text.HAL_ADC_Init
                0x000000000800025c      0x148 /home/kleber/Downloads/mbed-master/build/mbed/TARGET_MTS_MDOT_F405RG/TOOLCHAIN_GCC_ARM/stm32f4xx_hal_adc.o
                0x000000000800025c                HAL_ADC_Init
 .text.HAL_GPIO_Init
                0x00000000080003a4      0x254 /home/kleber/Downloads/mbed-master/build/mbed/TARGET_MTS_MDOT_F405RG/TOOLCHAIN_GCC_ARM/stm32f4xx_hal_gpio.o
                0x00000000080003a4                HAL_GPIO_Init
 .text.NVIC_SetVector
                0x00000000080005f8       0x48 /home/kleber/Downloads/mbed-master/build/mbed/TARGET_MTS_MDOT_F405RG/TOOLCHAIN_GCC_ARM/cmsis_nvic.o
                0x00000000080005f8                NVIC_SetVector
 .text.HAL_NVIC_SetPriorityGrouping
                0x0000000008000640       0x24 /home/kleber/Downloads/mbed-master/build/mbed/TARGET_MTS_MDOT_F405RG/TOOLCHAIN_GCC_ARM/stm32f4xx_hal_cortex.o
                0x0000000008000640                HAL_NVIC_SetPriorityGrouping
 .text.HAL_TIMEx_PWMN_Start
                0x0000000008000664       0x28 /home/kleber/Downloads/mbed-master/build/mbed/TARGET_MTS_MDOT_F405RG/TOOLCHAIN_GCC_ARM/stm32f4xx_hal_tim_ex.o
                0x0000000008000664                HAL_TIMEx_PWMN_Start
 .text.TIM_OC1_SetConfig
                0x000000000800068c       0x60 /home/kleber/Downloads/mbed-master/build/mbed/TARGET_MTS_MDOT_F405RG/TOOLCHAIN_GCC_ARM/stm32f4xx_hal_tim.o
 .text.TIM_OC3_SetConfig
                0x00000000080006ec       0x68 /home/kleber/Downloads/mbed-master/build/mbed/TARGET_MTS_MDOT_F405RG/TOOLCHAIN_GCC_ARM/stm32f4xx_hal_tim.o
 .text.TIM_OC4_SetConfig
                0x0000000008000754       0x50 /home/kleber/Downloads/mbed-master/build/mbed/TARGET_MTS_MDOT_F405RG/TOOLCHAIN_GCC_ARM/stm32f4xx_hal_tim.o
 .text.HAL_TIM_OC_MspInit
                0x00000000080007a4        0x4 /home/kleber/Downloads/mbed-master/build/mbed/TARGET_MTS_MDOT_F405RG/TOOLCHAIN_GCC_ARM/stm32f4xx_hal_tim.o
                0x00000000080007a4                HAL_TIM_OC_MspInit
 .text.HAL_TIM_OC_Start
                0x00000000080007a8       0x44 /home/kleber/Downloads/mbed-master/build/mbed/TARGET_MTS_MDOT_F405RG/TOOLCHAIN_GCC_ARM/stm32f4xx_hal_tim.o
                0x00000000080007a8                HAL_TIM_OC_Start
 .text.HAL_TIM_PWM_MspInit
                0x00000000080007ec        0x4 /home/kleber/Downloads/mbed-master/build/mbed/TARGET_MTS_MDOT_F405RG/TOOLCHAIN_GCC_ARM/stm32f4xx_hal_tim.o
                0x00000000080007ec                HAL_TIM_PWM_MspInit
 .text.HAL_TIM_PWM_Start
                0x00000000080007f0       0x44 /home/kleber/Downloads/mbed-master/build/mbed/TARGET_MTS_MDOT_F405RG/TOOLCHAIN_GCC_ARM/stm32f4xx_hal_tim.o
                0x00000000080007f0                HAL_TIM_PWM_Start
 .text.TIM_Base_SetConfig
                0x0000000008000834       0xe4 /home/kleber/Downloads/mbed-master/build/mbed/TARGET_MTS_MDOT_F405RG/TOOLCHAIN_GCC_ARM/stm32f4xx_hal_tim.o
                0x0000000008000834                TIM_Base_SetConfig
 .text.HAL_TIM_OC_Init
                0x0000000008000918       0x38 /home/kleber/Downloads/mbed-master/build/mbed/TARGET_MTS_MDOT_F405RG/TOOLCHAIN_GCC_ARM/stm32f4xx_hal_tim.o
                0x0000000008000918                HAL_TIM_OC_Init
 .text.HAL_TIM_PWM_Init
                0x0000000008000950       0x38 /home/kleber/Downloads/mbed-master/build/mbed/TARGET_MTS_MDOT_F405RG/TOOLCHAIN_GCC_ARM/stm32f4xx_hal_tim.o
                0x0000000008000950                HAL_TIM_PWM_Init
 .text.TIM_OC2_SetConfig
                0x0000000008000988       0x68 /home/kleber/Downloads/mbed-master/build/mbed/TARGET_MTS_MDOT_F405RG/TOOLCHAIN_GCC_ARM/stm32f4xx_hal_tim.o
                0x0000000008000988                TIM_OC2_SetConfig
 .text.HAL_TIM_PWM_ConfigChannel
                0x00000000080009f0       0xd4 /home/kleber/Downloads/mbed-master/build/mbed/TARGET_MTS_MDOT_F405RG/TOOLCHAIN_GCC_ARM/stm32f4xx_hal_tim.o
                0x00000000080009f0                HAL_TIM_PWM_ConfigChannel
 .text.mbed_sdk_init
                0x0000000008000ac4       0x10 /home/kleber/Downloads/mbed-master/build/mbed/TARGET_MTS_MDOT_F405RG/TOOLCHAIN_GCC_ARM/mbed_overrides.o
                0x0000000008000ac4                mbed_sdk_init
 .text.mbed_die
                0x0000000008000ad4       0x14 /home/kleber/Downloads/mbed-master/build/mbed/TARGET_MTS_MDOT_F405RG/TOOLCHAIN_GCC_ARM/board.o
                0x0000000008000ad4                mbed_die
 .text.HAL_RCC_OscConfig
                0x0000000008000ae8      0x34c /home/kleber/Downloads/mbed-master/build/mbed/TARGET_MTS_MDOT_F405RG/TOOLCHAIN_GCC_ARM/stm32f4xx_hal_rcc.o
                0x0000000008000ae8                HAL_RCC_OscConfig
 .text.HAL_RCC_ClockConfig
                0x0000000008000e34      0x1fc /home/kleber/Downloads/mbed-master/build/mbed/TARGET_MTS_MDOT_F405RG/TOOLCHAIN_GCC_ARM/stm32f4xx_hal_rcc.o
                0x0000000008000e34                HAL_RCC_ClockConfig
 .text.HAL_RCC_GetSysClockFreq
                0x0000000008001030       0x80 /home/kleber/Downloads/mbed-master/build/mbed/TARGET_MTS_MDOT_F405RG/TOOLCHAIN_GCC_ARM/stm32f4xx_hal_rcc.o
                0x0000000008001030                HAL_RCC_GetSysClockFreq
 .text.HAL_RCC_GetHCLKFreq
                0x00000000080010b0       0x34 /home/kleber/Downloads/mbed-master/build/mbed/TARGET_MTS_MDOT_F405RG/TOOLCHAIN_GCC_ARM/stm32f4xx_hal_rcc.o
                0x00000000080010b0                HAL_RCC_GetHCLKFreq
 .text.HAL_RCC_GetPCLK1Freq
                0x00000000080010e4       0x2c /home/kleber/Downloads/mbed-master/build/mbed/TARGET_MTS_MDOT_F405RG/TOOLCHAIN_GCC_ARM/stm32f4xx_hal_rcc.o
                0x00000000080010e4                HAL_RCC_GetPCLK1Freq
 .text.HAL_RCC_GetPCLK2Freq
                0x0000000008001110       0x2c /home/kleber/Downloads/mbed-master/build/mbed/TARGET_MTS_MDOT_F405RG/TOOLCHAIN_GCC_ARM/stm32f4xx_hal_rcc.o
                0x0000000008001110                HAL_RCC_GetPCLK2Freq
 .text.HAL_RCC_GetClockConfig
                0x000000000800113c       0x44 /home/kleber/Downloads/mbed-master/build/mbed/TARGET_MTS_MDOT_F405RG/TOOLCHAIN_GCC_ARM/stm32f4xx_hal_rcc.o
                0x000000000800113c                HAL_RCC_GetClockConfig
 .text.HAL_MspInit
                0x0000000008001180        0x4 /home/kleber/Downloads/mbed-master/build/mbed/TARGET_MTS_MDOT_F405RG/TOOLCHAIN_GCC_ARM/stm32f4xx_hal_msp_template.o
                0x0000000008001180                HAL_MspInit
 .text.HAL_Init
                0x0000000008001184       0x2c /home/kleber/Downloads/mbed-master/build/mbed/TARGET_MTS_MDOT_F405RG/TOOLCHAIN_GCC_ARM/stm32f4xx_hal.o
                0x0000000008001184                HAL_Init
 .text.HAL_IncTick
                0x00000000080011b0       0x10 /home/kleber/Downloads/mbed-master/build/mbed/TARGET_MTS_MDOT_F405RG/TOOLCHAIN_GCC_ARM/stm32f4xx_hal.o
                0x00000000080011b0                HAL_IncTick
 .text.HAL_GetTick
                0x00000000080011c0        0xc /home/kleber/Downloads/mbed-master/build/mbed/TARGET_MTS_MDOT_F405RG/TOOLCHAIN_GCC_ARM/stm32f4xx_hal.o
                0x00000000080011c0                HAL_GetTick
 .text._ZL11init_serialv.part.0
                0x00000000080011cc       0x10 /home/kleber/Downloads/mbed-master/build/mbed/TARGET_MTS_MDOT_F405RG/TOOLCHAIN_GCC_ARM/retarget.o
 .text._close   0x00000000080011dc       0x28 /home/kleber/Downloads/mbed-master/build/mbed/TARGET_MTS_MDOT_F405RG/TOOLCHAIN_GCC_ARM/retarget.o
                0x00000000080011dc                _close
 .text._write   0x0000000008001204       0x4c /home/kleber/Downloads/mbed-master/build/mbed/TARGET_MTS_MDOT_F405RG/TOOLCHAIN_GCC_ARM/retarget.o
                0x0000000008001204                _write
 .text._read    0x0000000008001250       0x44 /home/kleber/Downloads/mbed-master/build/mbed/TARGET_MTS_MDOT_F405RG/TOOLCHAIN_GCC_ARM/retarget.o
                0x0000000008001250                _read
 .text._isatty  0x0000000008001294       0x24 /home/kleber/Downloads/mbed-master/build/mbed/TARGET_MTS_MDOT_F405RG/TOOLCHAIN_GCC_ARM/retarget.o
                0x0000000008001294                _isatty
 .text._lseek   0x00000000080012b8       0x24 /home/kleber/Downloads/mbed-master/build/mbed/TARGET_MTS_MDOT_F405RG/TOOLCHAIN_GCC_ARM/retarget.o
                0x00000000080012b8                _lseek
 .text._fstat   0x00000000080012dc       0x20 /home/kleber/Downloads/mbed-master/build/mbed/TARGET_MTS_MDOT_F405RG/TOOLCHAIN_GCC_ARM/retarget.o
                0x00000000080012dc                _fstat
 .text.mbed_main
                0x00000000080012fc        0x4 /home/kleber/Downloads/mbed-master/build/mbed/TARGET_MTS_MDOT_F405RG/TOOLCHAIN_GCC_ARM/retarget.o
                0x00000000080012fc                mbed_main
 .text.__wrap_main
                0x0000000008001300       0x14 /home/kleber/Downloads/mbed-master/build/mbed/TARGET_MTS_MDOT_F405RG/TOOLCHAIN_GCC_ARM/retarget.o
                0x0000000008001300                __wrap_main
 .text._sbrk    0x0000000008001314       0x28 /home/kleber/Downloads/mbed-master/build/mbed/TARGET_MTS_MDOT_F405RG/TOOLCHAIN_GCC_ARM/retarget.o
                0x0000000008001314                _sbrk
 .text._exit    0x000000000800133c       0x24 /home/kleber/Downloads/mbed-master/build/mbed/TARGET_MTS_MDOT_F405RG/TOOLCHAIN_GCC_ARM/retarget.o
                0x000000000800133c                _exit
 .text.UART_SetConfig
                0x0000000008001360      0x194 /home/kleber/Downloads/mbed-master/build/mbed/TARGET_MTS_MDOT_F405RG/TOOLCHAIN_GCC_ARM/stm32f4xx_hal_uart.o
 .text.HAL_UART_MspInit
                0x00000000080014f4        0x4 /home/kleber/Downloads/mbed-master/build/mbed/TARGET_MTS_MDOT_F405RG/TOOLCHAIN_GCC_ARM/stm32f4xx_hal_uart.o
                0x00000000080014f4                HAL_UART_MspInit
 .text.HAL_UART_Init
                0x00000000080014f8       0x5c /home/kleber/Downloads/mbed-master/build/mbed/TARGET_MTS_MDOT_F405RG/TOOLCHAIN_GCC_ARM/stm32f4xx_hal_uart.o
                0x00000000080014f8                HAL_UART_Init
 .text          0x0000000008001554       0x44 /home/kleber/Downloads/mbed-master/build/mbed/TARGET_MTS_MDOT_F405RG/TOOLCHAIN_GCC_ARM/startup_STM32F40x.o
                0x0000000008001554                Reset_Handler
                0x0000000008001584                NMI_Handler
                0x0000000008001586                HardFault_Handler
                0x0000000008001588                MemManage_Handler
                0x000000000800158a                BusFault_Handler
                0x000000000800158c                UsageFault_Handler
                0x000000000800158e                SVC_Handler
                0x0000000008001590                DebugMon_Handler
                0x0000000008001592                PendSV_Handler
                0x0000000008001594                SysTick_Handler
                0x0000000008001596                RTC_Alarm_IRQHandler
                0x0000000008001596                HASH_RNG_IRQHandler
                0x0000000008001596                EXTI2_IRQHandler
                0x0000000008001596                TIM8_CC_IRQHandler
                0x0000000008001596                TIM1_CC_IRQHandler
                0x0000000008001596                DMA2_Stream5_IRQHandler
                0x0000000008001596                DMA1_Stream5_IRQHandler
                0x0000000008001596                PVD_IRQHandler
                0x0000000008001596                SDIO_IRQHandler
                0x0000000008001596                TAMP_STAMP_IRQHandler
                0x0000000008001596                CAN2_RX1_IRQHandler
                0x0000000008001596                EXTI3_IRQHandler
                0x0000000008001596                TIM8_TRG_COM_TIM14_IRQHandler
                0x0000000008001596                TIM1_UP_TIM10_IRQHandler
                0x0000000008001596                TIM8_UP_TIM13_IRQHandler
                0x0000000008001596                I2C3_ER_IRQHandler
                0x0000000008001596                EXTI0_IRQHandler
                0x0000000008001596                I2C2_EV_IRQHandler
                0x0000000008001596                DMA1_Stream2_IRQHandler
                0x0000000008001596                CAN1_RX0_IRQHandler
                0x0000000008001596                FPU_IRQHandler
                0x0000000008001596                OTG_HS_WKUP_IRQHandler
                0x0000000008001596                CAN2_SCE_IRQHandler
                0x0000000008001596                DMA2_Stream2_IRQHandler
                0x0000000008001596                SPI1_IRQHandler
                0x0000000008001596                TIM6_DAC_IRQHandler
                0x0000000008001596                TIM1_BRK_TIM9_IRQHandler
                0x0000000008001596                CAN2_RX0_IRQHandler
                0x0000000008001596                DMA2_Stream3_IRQHandler
                0x0000000008001596                USART6_IRQHandler
                0x0000000008001596                USART3_IRQHandler
                0x0000000008001596                CAN1_RX1_IRQHandler
                0x0000000008001596                UART5_IRQHandler
                0x0000000008001596                DMA2_Stream0_IRQHandler
                0x0000000008001596                TIM4_IRQHandler
                0x0000000008001596                I2C1_EV_IRQHandler
                0x0000000008001596                DMA1_Stream6_IRQHandler
                0x0000000008001596                DMA1_Stream1_IRQHandler
                0x0000000008001596                UART4_IRQHandler
                0x0000000008001596                TIM3_IRQHandler
                0x0000000008001596                RCC_IRQHandler
                0x0000000008001596                TIM8_BRK_TIM12_IRQHandler
                0x0000000008001596                Default_Handler
                0x0000000008001596                EXTI15_10_IRQHandler
                0x0000000008001596                ADC_IRQHandler
                0x0000000008001596                DMA1_Stream7_IRQHandler
                0x0000000008001596                TIM7_IRQHandler
                0x0000000008001596                CAN2_TX_IRQHandler
                0x0000000008001596                TIM5_IRQHandler
                0x0000000008001596                DMA2_Stream7_IRQHandler
                0x0000000008001596                I2C3_EV_IRQHandler
                0x0000000008001596                EXTI9_5_IRQHandler
                0x0000000008001596                RTC_WKUP_IRQHandler
                0x0000000008001596                SPI2_IRQHandler
                0x0000000008001596                OTG_HS_EP1_IN_IRQHandler
                0x0000000008001596                DMA1_Stream0_IRQHandler
                0x0000000008001596                CAN1_TX_IRQHandler
                0x0000000008001596                EXTI4_IRQHandler
                0x0000000008001596                FSMC_IRQHandler
                0x0000000008001596                OTG_HS_EP1_OUT_IRQHandler
                0x0000000008001596                WWDG_IRQHandler
                0x0000000008001596                TIM2_IRQHandler
                0x0000000008001596                DEF_IRQHandler
                0x0000000008001596                OTG_FS_WKUP_IRQHandler
                0x0000000008001596                TIM1_TRG_COM_TIM11_IRQHandler
                0x0000000008001596                OTG_HS_IRQHandler
                0x0000000008001596                EXTI1_IRQHandler
                0x0000000008001596                USART2_IRQHandler
                0x0000000008001596                I2C2_ER_IRQHandler
                0x0000000008001596                DMA2_Stream1_IRQHandler
                0x0000000008001596                CAN1_SCE_IRQHandler
                0x0000000008001596                FLASH_IRQHandler
                0x0000000008001596                DMA2_Stream4_IRQHandler
                0x0000000008001596                USART1_IRQHandler
                0x0000000008001596                OTG_FS_IRQHandler
                0x0000000008001596                SPI3_IRQHandler
                0x0000000008001596                DMA1_Stream4_IRQHandler
                0x0000000008001596                I2C1_ER_IRQHandler
                0x0000000008001596                DMA2_Stream6_IRQHandler
                0x0000000008001596                DMA1_Stream3_IRQHandler
 .text.SystemCoreClockUpdate
                0x0000000008001598       0x78 /home/kleber/Downloads/mbed-master/build/mbed/TARGET_MTS_MDOT_F405RG/TOOLCHAIN_GCC_ARM/system_stm32f4xx.o
                0x0000000008001598                SystemCoreClockUpdate
 .text.SetSysClock
                0x0000000008001610       0x78 /home/kleber/Downloads/mbed-master/build/mbed/TARGET_MTS_MDOT_F405RG/TOOLCHAIN_GCC_ARM/system_stm32f4xx.o
                0x0000000008001610                SetSysClock
 .text.SystemInit
                0x0000000008001688       0x78 /home/kleber/Downloads/mbed-master/build/mbed/TARGET_MTS_MDOT_F405RG/TOOLCHAIN_GCC_ARM/system_stm32f4xx.o
                0x0000000008001688                SystemInit
 .text.timer_irq_handler
                0x0000000008001700       0x50 /home/kleber/Downloads/mbed-master/build/mbed/TARGET_MTS_MDOT_F405RG/TOOLCHAIN_GCC_ARM/hal_tick.o
                0x0000000008001700                timer_irq_handler
 .text.HAL_InitTick
                0x0000000008001750       0xb0 /home/kleber/Downloads/mbed-master/build/mbed/TARGET_MTS_MDOT_F405RG/TOOLCHAIN_GCC_ARM/hal_tick.o
                0x0000000008001750                HAL_InitTick
 .text._ZN4mbed8AnalogInC2E7PinName
                0x0000000008001800       0x24 ./obj/user/main.o
                0x0000000008001800                mbed::AnalogIn::AnalogIn(PinName)
                0x0000000008001800                mbed::AnalogIn::AnalogIn(PinName)
 .text._ZN4mbed6PwmOutC2E7PinName
                0x0000000008001824       0x24 ./obj/user/main.o
                0x0000000008001824                mbed::PwmOut::PwmOut(PinName)
                0x0000000008001824                mbed::PwmOut::PwmOut(PinName)
 .text.main     0x0000000008001848        0x4 ./obj/user/main.o
                0x0000000008001848                main
 .text._Z41__static_initialization_and_destruction_0ii
                0x000000000800184c       0x38 ./obj/user/main.o
 .text._GLOBAL__sub_I_ton_fit
                0x0000000008001884       0x10 ./obj/user/main.o
 .text.analogin_init
                0x0000000008001894      0x100 /home/kleber/Downloads/mbed-master/build/mbed/TARGET_MTS_MDOT_F405RG/TOOLCHAIN_GCC_ARM/libmbed.a(analogin_api.o)
                0x0000000008001894                analogin_init
 .text.pwmout_write
                0x0000000008001994       0xc4 /home/kleber/Downloads/mbed-master/build/mbed/TARGET_MTS_MDOT_F405RG/TOOLCHAIN_GCC_ARM/libmbed.a(pwmout_api.o)
                0x0000000008001994                pwmout_write
 .text.pwmout_period_us
                0x0000000008001a58      0x154 /home/kleber/Downloads/mbed-master/build/mbed/TARGET_MTS_MDOT_F405RG/TOOLCHAIN_GCC_ARM/libmbed.a(pwmout_api.o)
                0x0000000008001a58                pwmout_period_us
 .text.pwmout_init
                0x0000000008001bac      0x1fc /home/kleber/Downloads/mbed-master/build/mbed/TARGET_MTS_MDOT_F405RG/TOOLCHAIN_GCC_ARM/libmbed.a(pwmout_api.o)
                0x0000000008001bac                pwmout_init
 .text.init_uart
                0x0000000008001da8       0x58 /home/kleber/Downloads/mbed-master/build/mbed/TARGET_MTS_MDOT_F405RG/TOOLCHAIN_GCC_ARM/libmbed.a(serial_api.o)
 .text.serial_init
                0x0000000008001e00      0x190 /home/kleber/Downloads/mbed-master/build/mbed/TARGET_MTS_MDOT_F405RG/TOOLCHAIN_GCC_ARM/libmbed.a(serial_api.o)
                0x0000000008001e00                serial_init
 .text.serial_getc
                0x0000000008001f90       0x18 /home/kleber/Downloads/mbed-master/build/mbed/TARGET_MTS_MDOT_F405RG/TOOLCHAIN_GCC_ARM/libmbed.a(serial_api.o)
                0x0000000008001f90                serial_getc
 .text.serial_putc
                0x0000000008001fa8       0x18 /home/kleber/Downloads/mbed-master/build/mbed/TARGET_MTS_MDOT_F405RG/TOOLCHAIN_GCC_ARM/libmbed.a(serial_api.o)
                0x0000000008001fa8                serial_putc
 .text.mbed_assert_internal
                0x0000000008001fc0       0x18 /home/kleber/Downloads/mbed-master/build/mbed/TARGET_MTS_MDOT_F405RG/TOOLCHAIN_GCC_ARM/libmbed.a(assert.o)
                0x0000000008001fc0                mbed_assert_internal
 .text.error    0x0000000008001fd8       0x24 /home/kleber/Downloads/mbed-master/build/mbed/TARGET_MTS_MDOT_F405RG/TOOLCHAIN_GCC_ARM/libmbed.a(error.o)
                0x0000000008001fd8                error
 .text.pinmap_pinout
                0x0000000008001ffc       0x44 /home/kleber/Downloads/mbed-master/build/mbed/TARGET_MTS_MDOT_F405RG/TOOLCHAIN_GCC_ARM/libmbed.a(pinmap_common.o)
                0x0000000008001ffc                pinmap_pinout
 .text.pinmap_merge
                0x0000000008002040       0x24 /home/kleber/Downloads/mbed-master/build/mbed/TARGET_MTS_MDOT_F405RG/TOOLCHAIN_GCC_ARM/libmbed.a(pinmap_common.o)
                0x0000000008002040                pinmap_merge
 .text.pinmap_peripheral
                0x0000000008002064       0x38 /home/kleber/Downloads/mbed-master/build/mbed/TARGET_MTS_MDOT_F405RG/TOOLCHAIN_GCC_ARM/libmbed.a(pinmap_common.o)
                0x0000000008002064                pinmap_peripheral
 .text.pinmap_function
                0x000000000800209c       0x38 /home/kleber/Downloads/mbed-master/build/mbed/TARGET_MTS_MDOT_F405RG/TOOLCHAIN_GCC_ARM/libmbed.a(pinmap_common.o)
                0x000000000800209c                pinmap_function
 .text.us_ticker_irq_handler
                0x00000000080020d4        0xc /home/kleber/Downloads/mbed-master/build/mbed/TARGET_MTS_MDOT_F405RG/TOOLCHAIN_GCC_ARM/libmbed.a(us_ticker_api.o)
                0x00000000080020d4                us_ticker_irq_handler
 .text.wait_us  0x00000000080020e0       0x18 /home/kleber/Downloads/mbed-master/build/mbed/TARGET_MTS_MDOT_F405RG/TOOLCHAIN_GCC_ARM/libmbed.a(wait_api.o)
                0x00000000080020e0                wait_us
 .text.wait_ms  0x00000000080020f8        0xc /home/kleber/Downloads/mbed-master/build/mbed/TARGET_MTS_MDOT_F405RG/TOOLCHAIN_GCC_ARM/libmbed.a(wait_api.o)
                0x00000000080020f8                wait_ms
 .text.Set_GPIO_Clock
                0x0000000008002104      0x150 /home/kleber/Downloads/mbed-master/build/mbed/TARGET_MTS_MDOT_F405RG/TOOLCHAIN_GCC_ARM/libmbed.a(pinmap.o)
                0x0000000008002104                Set_GPIO_Clock
 .text.pin_function
                0x0000000008002254       0x5c /home/kleber/Downloads/mbed-master/build/mbed/TARGET_MTS_MDOT_F405RG/TOOLCHAIN_GCC_ARM/libmbed.a(pinmap.o)
                0x0000000008002254                pin_function
 .text.pin_mode
                0x00000000080022b0       0x48 /home/kleber/Downloads/mbed-master/build/mbed/TARGET_MTS_MDOT_F405RG/TOOLCHAIN_GCC_ARM/libmbed.a(pinmap.o)
                0x00000000080022b0                pin_mode
 .text.us_ticker_init
                0x00000000080022f8       0x24 /home/kleber/Downloads/mbed-master/build/mbed/TARGET_MTS_MDOT_F405RG/TOOLCHAIN_GCC_ARM/libmbed.a(us_ticker.o)
                0x00000000080022f8                us_ticker_init
 .text.us_ticker_read
                0x000000000800231c       0x28 /home/kleber/Downloads/mbed-master/build/mbed/TARGET_MTS_MDOT_F405RG/TOOLCHAIN_GCC_ARM/libmbed.a(us_ticker.o)
                0x000000000800231c                us_ticker_read
 .text.us_ticker_set_interrupt
                0x0000000008002344       0x14 /home/kleber/Downloads/mbed-master/build/mbed/TARGET_MTS_MDOT_F405RG/TOOLCHAIN_GCC_ARM/libmbed.a(us_ticker.o)
                0x0000000008002344                us_ticker_set_interrupt
 .text.us_ticker_disable_interrupt
                0x0000000008002358       0x14 /home/kleber/Downloads/mbed-master/build/mbed/TARGET_MTS_MDOT_F405RG/TOOLCHAIN_GCC_ARM/libmbed.a(us_ticker.o)
                0x0000000008002358                us_ticker_disable_interrupt
 .text.us_ticker_clear_interrupt
                0x000000000800236c       0x10 /home/kleber/Downloads/mbed-master/build/mbed/TARGET_MTS_MDOT_F405RG/TOOLCHAIN_GCC_ARM/libmbed.a(us_ticker.o)
                0x000000000800236c                us_ticker_clear_interrupt
 .text.ticker_irq_handler
                0x000000000800237c       0x4c /home/kleber/Downloads/mbed-master/build/mbed/TARGET_MTS_MDOT_F405RG/TOOLCHAIN_GCC_ARM/libmbed.a(ticker_api.o)
                0x000000000800237c                ticker_irq_handler
 .text.__errno  0x00000000080023c8        0xc /usr/bin/../lib/gcc/arm-none-eabi/4.9.3/../../../../arm-none-eabi/lib/armv7e-m/softfp/libc_nano.a(lib_a-errno.o)
                0x00000000080023c8                __errno
 .text.exit     0x00000000080023d4       0x28 /usr/bin/../lib/gcc/arm-none-eabi/4.9.3/../../../../arm-none-eabi/lib/armv7e-m/softfp/libc_nano.a(lib_a-exit.o)
                0x00000000080023d4                exit
 .text.__sflush_r
                0x00000000080023fc      0x108 /usr/bin/../lib/gcc/arm-none-eabi/4.9.3/../../../../arm-none-eabi/lib/armv7e-m/softfp/libc_nano.a(lib_a-fflush.o)
                0x00000000080023fc                __sflush_r
 .text._fflush_r
                0x0000000008002504       0x54 /usr/bin/../lib/gcc/arm-none-eabi/4.9.3/../../../../arm-none-eabi/lib/armv7e-m/softfp/libc_nano.a(lib_a-fflush.o)
                0x0000000008002504                _fflush_r
 .text.fflush   0x0000000008002558       0x24 /usr/bin/../lib/gcc/arm-none-eabi/4.9.3/../../../../arm-none-eabi/lib/armv7e-m/softfp/libc_nano.a(lib_a-fflush.o)
                0x0000000008002558                fflush
 .text._cleanup_r
                0x000000000800257c        0xc /usr/bin/../lib/gcc/arm-none-eabi/4.9.3/../../../../arm-none-eabi/lib/armv7e-m/softfp/libc_nano.a(lib_a-findfp.o)
                0x000000000800257c                _cleanup_r
 .text.std.isra.0
                0x0000000008002588       0x48 /usr/bin/../lib/gcc/arm-none-eabi/4.9.3/../../../../arm-none-eabi/lib/armv7e-m/softfp/libc_nano.a(lib_a-findfp.o)
 .text.__sfmoreglue
                0x00000000080025d0       0x2c /usr/bin/../lib/gcc/arm-none-eabi/4.9.3/../../../../arm-none-eabi/lib/armv7e-m/softfp/libc_nano.a(lib_a-findfp.o)
                0x00000000080025d0                __sfmoreglue
 .text.__sinit  0x00000000080025fc       0x60 /usr/bin/../lib/gcc/arm-none-eabi/4.9.3/../../../../arm-none-eabi/lib/armv7e-m/softfp/libc_nano.a(lib_a-findfp.o)
                0x00000000080025fc                __sinit
 .text.__sfp    0x000000000800265c       0x74 /usr/bin/../lib/gcc/arm-none-eabi/4.9.3/../../../../arm-none-eabi/lib/armv7e-m/softfp/libc_nano.a(lib_a-findfp.o)
                0x000000000800265c                __sfp
 .text._fwalk_reent
                0x00000000080026d0       0x3c /usr/bin/../lib/gcc/arm-none-eabi/4.9.3/../../../../arm-none-eabi/lib/armv7e-m/softfp/libc_nano.a(lib_a-fwalk.o)
                0x00000000080026d0                _fwalk_reent
 .text.__libc_init_array
                0x000000000800270c       0x4c /usr/bin/../lib/gcc/arm-none-eabi/4.9.3/../../../../arm-none-eabi/lib/armv7e-m/softfp/libc_nano.a(lib_a-init.o)
                0x000000000800270c                __libc_init_array
 .text.malloc   0x0000000008002758       0x10 /usr/bin/../lib/gcc/arm-none-eabi/4.9.3/../../../../arm-none-eabi/lib/armv7e-m/softfp/libc_nano.a(lib_a-malloc.o)
                0x0000000008002758                malloc
 .text.memchr   0x0000000008002768       0x1e /usr/bin/../lib/gcc/arm-none-eabi/4.9.3/../../../../arm-none-eabi/lib/armv7e-m/softfp/libc_nano.a(lib_a-memchr.o)
                0x0000000008002768                memchr
 .text.memcpy   0x0000000008002786       0x16 /usr/bin/../lib/gcc/arm-none-eabi/4.9.3/../../../../arm-none-eabi/lib/armv7e-m/softfp/libc_nano.a(lib_a-memcpy.o)
                0x0000000008002786                memcpy
 .text.memset   0x000000000800279c       0x10 /usr/bin/../lib/gcc/arm-none-eabi/4.9.3/../../../../arm-none-eabi/lib/armv7e-m/softfp/libc_nano.a(lib_a-memset.o)
                0x000000000800279c                memset
 .text._free_r  0x00000000080027ac       0x88 /usr/bin/../lib/gcc/arm-none-eabi/4.9.3/../../../../arm-none-eabi/lib/armv7e-m/softfp/libc_nano.a(lib_a-nano-freer.o)
                0x00000000080027ac                _free_r
 .text._malloc_r
                0x0000000008002834       0xac /usr/bin/../lib/gcc/arm-none-eabi/4.9.3/../../../../arm-none-eabi/lib/armv7e-m/softfp/libc_nano.a(lib_a-nano-mallocr.o)
                0x0000000008002834                _malloc_r
 .text.__sfputc_r
                0x00000000080028e0       0x2c /usr/bin/../lib/gcc/arm-none-eabi/4.9.3/../../../../arm-none-eabi/lib/armv7e-m/softfp/libc_nano.a(lib_a-nano-vfprintf.o)
 .text.__sfputs_r
                0x000000000800290c       0x24 /usr/bin/../lib/gcc/arm-none-eabi/4.9.3/../../../../arm-none-eabi/lib/armv7e-m/softfp/libc_nano.a(lib_a-nano-vfprintf.o)
                0x000000000800290c                __sfputs_r
 .text._vfprintf_r
                0x0000000008002930      0x210 /usr/bin/../lib/gcc/arm-none-eabi/4.9.3/../../../../arm-none-eabi/lib/armv7e-m/softfp/libc_nano.a(lib_a-nano-vfprintf.o)
                0x0000000008002930                _vfiprintf_r
                0x0000000008002930                _vfprintf_r
 .text.vfprintf
                0x0000000008002b40       0x1c /usr/bin/../lib/gcc/arm-none-eabi/4.9.3/../../../../arm-none-eabi/lib/armv7e-m/softfp/libc_nano.a(lib_a-nano-vfprintf.o)
                0x0000000008002b40                vfiprintf
                0x0000000008002b40                vfprintf
 .text.__cvt    0x0000000008002b5c       0xc0 /usr/bin/../lib/gcc/arm-none-eabi/4.9.3/../../../../arm-none-eabi/lib/armv7e-m/softfp/libc_nano.a(lib_a-nano-vfprintf_float.o)
                0x0000000008002b5c                __cvt
 .text.__exponent
                0x0000000008002c1c       0x60 /usr/bin/../lib/gcc/arm-none-eabi/4.9.3/../../../../arm-none-eabi/lib/armv7e-m/softfp/libc_nano.a(lib_a-nano-vfprintf_float.o)
                0x0000000008002c1c                __exponent
 .text._printf_float
                0x0000000008002c7c      0x48c /usr/bin/../lib/gcc/arm-none-eabi/4.9.3/../../../../arm-none-eabi/lib/armv7e-m/softfp/libc_nano.a(lib_a-nano-vfprintf_float.o)
                0x0000000008002c7c                _printf_float
 .text._printf_common
                0x0000000008003108       0xea /usr/bin/../lib/gcc/arm-none-eabi/4.9.3/../../../../arm-none-eabi/lib/armv7e-m/softfp/libc_nano.a(lib_a-nano-vfprintf_i.o)
                0x0000000008003108                _printf_common
 *fill*         0x00000000080031f2        0x2 
 .text._printf_i
                0x00000000080031f4      0x240 /usr/bin/../lib/gcc/arm-none-eabi/4.9.3/../../../../arm-none-eabi/lib/armv7e-m/softfp/libc_nano.a(lib_a-nano-vfprintf_i.o)
                0x00000000080031f4                _printf_i
 .text._scanf_float
                0x0000000008003434      0x3cc /usr/bin/../lib/gcc/arm-none-eabi/4.9.3/../../../../arm-none-eabi/lib/armv7e-m/softfp/libc_nano.a(lib_a-nano-vfscanf_float.o)
                0x0000000008003434                _scanf_float
 .text.__fpclassifyd
                0x0000000008003800       0x54 /usr/bin/../lib/gcc/arm-none-eabi/4.9.3/../../../../arm-none-eabi/lib/armv7e-m/softfp/libc_nano.a(lib_a-s_fpclassify.o)
                0x0000000008003800                __fpclassifyd
 .text._sbrk_r  0x0000000008003854       0x20 /usr/bin/../lib/gcc/arm-none-eabi/4.9.3/../../../../arm-none-eabi/lib/armv7e-m/softfp/libc_nano.a(lib_a-sbrkr.o)
                0x0000000008003854                _sbrk_r
 .text.nanf     0x0000000008003874        0x8 /usr/bin/../lib/gcc/arm-none-eabi/4.9.3/../../../../arm-none-eabi/lib/armv7e-m/softfp/libc_nano.a(lib_a-sf_nan.o)
                0x0000000008003874                nanf
 .text.sprintf  0x000000000800387c       0x48 /usr/bin/../lib/gcc/arm-none-eabi/4.9.3/../../../../arm-none-eabi/lib/armv7e-m/softfp/libc_nano.a(lib_a-sprintf.o)
                0x000000000800387c                sprintf
                0x000000000800387c                siprintf
 .text.__sread  0x00000000080038c4       0x22 /usr/bin/../lib/gcc/arm-none-eabi/4.9.3/../../../../arm-none-eabi/lib/armv7e-m/softfp/libc_nano.a(lib_a-stdio.o)
                0x00000000080038c4                __sread
 .text.__swrite
                0x00000000080038e6       0x38 /usr/bin/../lib/gcc/arm-none-eabi/4.9.3/../../../../arm-none-eabi/lib/armv7e-m/softfp/libc_nano.a(lib_a-stdio.o)
                0x00000000080038e6                __swrite
 .text.__sseek  0x000000000800391e       0x24 /usr/bin/../lib/gcc/arm-none-eabi/4.9.3/../../../../arm-none-eabi/lib/armv7e-m/softfp/libc_nano.a(lib_a-stdio.o)
                0x000000000800391e                __sseek
 .text.__sclose
                0x0000000008003942        0x8 /usr/bin/../lib/gcc/arm-none-eabi/4.9.3/../../../../arm-none-eabi/lib/armv7e-m/softfp/libc_nano.a(lib_a-stdio.o)
                0x0000000008003942                __sclose
 .text.strlen   0x000000000800394a       0x10 /usr/bin/../lib/gcc/arm-none-eabi/4.9.3/../../../../arm-none-eabi/lib/armv7e-m/softfp/libc_nano.a(lib_a-strlen.o)
                0x000000000800394a                strlen
 .text.strncmp  0x000000000800395a       0x34 /usr/bin/../lib/gcc/arm-none-eabi/4.9.3/../../../../arm-none-eabi/lib/armv7e-m/softfp/libc_nano.a(lib_a-strncmp.o)
                0x000000000800395a                strncmp
 .text.match    0x000000000800398e       0x26 /usr/bin/../lib/gcc/arm-none-eabi/4.9.3/../../../../arm-none-eabi/lib/armv7e-m/softfp/libc_nano.a(lib_a-strtod.o)
 .text.sulp     0x00000000080039b4       0x42 /usr/bin/../lib/gcc/arm-none-eabi/4.9.3/../../../../arm-none-eabi/lib/armv7e-m/softfp/libc_nano.a(lib_a-strtod.o)
 *fill*         0x00000000080039f6        0x2 
 .text._strtod_r
                0x00000000080039f8      0xc24 /usr/bin/../lib/gcc/arm-none-eabi/4.9.3/../../../../arm-none-eabi/lib/armv7e-m/softfp/libc_nano.a(lib_a-strtod.o)
                0x00000000080039f8                _strtod_r
 .text._strtol_r
                0x000000000800461c      0x10c /usr/bin/../lib/gcc/arm-none-eabi/4.9.3/../../../../arm-none-eabi/lib/armv7e-m/softfp/libc_nano.a(lib_a-strtol.o)
                0x000000000800461c                _strtol_r
 .text.__swbuf_r
                0x0000000008004728       0xa8 /usr/bin/../lib/gcc/arm-none-eabi/4.9.3/../../../../arm-none-eabi/lib/armv7e-m/softfp/libc_nano.a(lib_a-wbuf.o)
                0x0000000008004728                __swbuf_r
 .text._write_r
                0x00000000080047d0       0x24 /usr/bin/../lib/gcc/arm-none-eabi/4.9.3/../../../../arm-none-eabi/lib/armv7e-m/softfp/libc_nano.a(lib_a-writer.o)
                0x00000000080047d0                _write_r
 .text.__swsetup_r
                0x00000000080047f4       0xd8 /usr/bin/../lib/gcc/arm-none-eabi/4.9.3/../../../../arm-none-eabi/lib/armv7e-m/softfp/libc_nano.a(lib_a-wsetup.o)
                0x00000000080047f4                __swsetup_r
 .text._close_r
                0x00000000080048cc       0x20 /usr/bin/../lib/gcc/arm-none-eabi/4.9.3/../../../../arm-none-eabi/lib/armv7e-m/softfp/libc_nano.a(lib_a-closer.o)
                0x00000000080048cc                _close_r
 .text.quorem   0x00000000080048ec      0x11a /usr/bin/../lib/gcc/arm-none-eabi/4.9.3/../../../../arm-none-eabi/lib/armv7e-m/softfp/libc_nano.a(lib_a-dtoa.o)
 *fill*         0x0000000008004a06        0x2 
 .text._dtoa_r  0x0000000008004a08      0xb88 /usr/bin/../lib/gcc/arm-none-eabi/4.9.3/../../../../arm-none-eabi/lib/armv7e-m/softfp/libc_nano.a(lib_a-dtoa.o)
                0x0000000008004a08                _dtoa_r
 .text.rshift   0x0000000008005590       0x6c /usr/bin/../lib/gcc/arm-none-eabi/4.9.3/../../../../arm-none-eabi/lib/armv7e-m/softfp/libc_nano.a(lib_a-gdtoa-gethex.o)
 .text.__hexdig_fun
                0x00000000080055fc       0x2a /usr/bin/../lib/gcc/arm-none-eabi/4.9.3/../../../../arm-none-eabi/lib/armv7e-m/softfp/libc_nano.a(lib_a-gdtoa-gethex.o)
                0x00000000080055fc                __hexdig_fun
 .text.__gethex
                0x0000000008005626      0x44a /usr/bin/../lib/gcc/arm-none-eabi/4.9.3/../../../../arm-none-eabi/lib/armv7e-m/softfp/libc_nano.a(lib_a-gdtoa-gethex.o)
                0x0000000008005626                __gethex
 .text.L_shift  0x0000000008005a70       0x24 /usr/bin/../lib/gcc/arm-none-eabi/4.9.3/../../../../arm-none-eabi/lib/armv7e-m/softfp/libc_nano.a(lib_a-gdtoa-hexnan.o)
 .text.__hexnan
                0x0000000008005a94      0x114 /usr/bin/../lib/gcc/arm-none-eabi/4.9.3/../../../../arm-none-eabi/lib/armv7e-m/softfp/libc_nano.a(lib_a-gdtoa-hexnan.o)
                0x0000000008005a94                __hexnan
 .text._localeconv_r
                0x0000000008005ba8        0x8 /usr/bin/../lib/gcc/arm-none-eabi/4.9.3/../../../../arm-none-eabi/lib/armv7e-m/softfp/libc_nano.a(lib_a-locale.o)
                0x0000000008005ba8                _localeconv_r
 .text._lseek_r
                0x0000000008005bb0       0x24 /usr/bin/../lib/gcc/arm-none-eabi/4.9.3/../../../../arm-none-eabi/lib/armv7e-m/softfp/libc_nano.a(lib_a-lseekr.o)
                0x0000000008005bb0                _lseek_r
 .text.__smakebuf_r
                0x0000000008005bd4       0x9c /usr/bin/../lib/gcc/arm-none-eabi/4.9.3/../../../../arm-none-eabi/lib/armv7e-m/softfp/libc_nano.a(lib_a-makebuf.o)
                0x0000000008005bd4                __smakebuf_r
 .text.memmove  0x0000000008005c70       0x36 /usr/bin/../lib/gcc/arm-none-eabi/4.9.3/../../../../arm-none-eabi/lib/armv7e-m/softfp/libc_nano.a(lib_a-memmove.o)
                0x0000000008005c70                memmove
 .text._Balloc  0x0000000008005ca6       0x6a /usr/bin/../lib/gcc/arm-none-eabi/4.9.3/../../../../arm-none-eabi/lib/armv7e-m/softfp/libc_nano.a(lib_a-mprec.o)
                0x0000000008005ca6                _Balloc
 .text._Bfree   0x0000000008005d10       0x2e /usr/bin/../lib/gcc/arm-none-eabi/4.9.3/../../../../arm-none-eabi/lib/armv7e-m/softfp/libc_nano.a(lib_a-mprec.o)
                0x0000000008005d10                _Bfree
 .text.__multadd
                0x0000000008005d3e       0x7c /usr/bin/../lib/gcc/arm-none-eabi/4.9.3/../../../../arm-none-eabi/lib/armv7e-m/softfp/libc_nano.a(lib_a-mprec.o)
                0x0000000008005d3e                __multadd
 .text.__s2b    0x0000000008005dba       0x80 /usr/bin/../lib/gcc/arm-none-eabi/4.9.3/../../../../arm-none-eabi/lib/armv7e-m/softfp/libc_nano.a(lib_a-mprec.o)
                0x0000000008005dba                __s2b
 .text.__hi0bits
                0x0000000008005e3a       0x40 /usr/bin/../lib/gcc/arm-none-eabi/4.9.3/../../../../arm-none-eabi/lib/armv7e-m/softfp/libc_nano.a(lib_a-mprec.o)
                0x0000000008005e3a                __hi0bits
 .text.__lo0bits
                0x0000000008005e7a       0x5a /usr/bin/../lib/gcc/arm-none-eabi/4.9.3/../../../../arm-none-eabi/lib/armv7e-m/softfp/libc_nano.a(lib_a-mprec.o)
                0x0000000008005e7a                __lo0bits
 .text.__i2b    0x0000000008005ed4       0x12 /usr/bin/../lib/gcc/arm-none-eabi/4.9.3/../../../../arm-none-eabi/lib/armv7e-m/softfp/libc_nano.a(lib_a-mprec.o)
                0x0000000008005ed4                __i2b
 .text.__multiply
                0x0000000008005ee6      0x122 /usr/bin/../lib/gcc/arm-none-eabi/4.9.3/../../../../arm-none-eabi/lib/armv7e-m/softfp/libc_nano.a(lib_a-mprec.o)
                0x0000000008005ee6                __multiply
 .text.__pow5mult
                0x0000000008006008       0x9c /usr/bin/../lib/gcc/arm-none-eabi/4.9.3/../../../../arm-none-eabi/lib/armv7e-m/softfp/libc_nano.a(lib_a-mprec.o)
                0x0000000008006008                __pow5mult
 .text.__lshift
                0x00000000080060a4       0xa6 /usr/bin/../lib/gcc/arm-none-eabi/4.9.3/../../../../arm-none-eabi/lib/armv7e-m/softfp/libc_nano.a(lib_a-mprec.o)
                0x00000000080060a4                __lshift
 .text.__mcmp   0x000000000800614a       0x38 /usr/bin/../lib/gcc/arm-none-eabi/4.9.3/../../../../arm-none-eabi/lib/armv7e-m/softfp/libc_nano.a(lib_a-mprec.o)
                0x000000000800614a                __mcmp
 .text.__mdiff  0x0000000008006182       0xbe /usr/bin/../lib/gcc/arm-none-eabi/4.9.3/../../../../arm-none-eabi/lib/armv7e-m/softfp/libc_nano.a(lib_a-mprec.o)
                0x0000000008006182                __mdiff
 .text.__ulp    0x0000000008006240       0x48 /usr/bin/../lib/gcc/arm-none-eabi/4.9.3/../../../../arm-none-eabi/lib/armv7e-m/softfp/libc_nano.a(lib_a-mprec.o)
                0x0000000008006240                __ulp
 .text.__b2d    0x0000000008006288       0x9e /usr/bin/../lib/gcc/arm-none-eabi/4.9.3/../../../../arm-none-eabi/lib/armv7e-m/softfp/libc_nano.a(lib_a-mprec.o)
                0x0000000008006288                __b2d
 .text.__d2b    0x0000000008006326       0xa4 /usr/bin/../lib/gcc/arm-none-eabi/4.9.3/../../../../arm-none-eabi/lib/armv7e-m/softfp/libc_nano.a(lib_a-mprec.o)
                0x0000000008006326                __d2b
 .text.__ratio  0x00000000080063ca       0x52 /usr/bin/../lib/gcc/arm-none-eabi/4.9.3/../../../../arm-none-eabi/lib/armv7e-m/softfp/libc_nano.a(lib_a-mprec.o)
                0x00000000080063ca                __ratio
 .text.__copybits
                0x000000000800641c       0x34 /usr/bin/../lib/gcc/arm-none-eabi/4.9.3/../../../../arm-none-eabi/lib/armv7e-m/softfp/libc_nano.a(lib_a-mprec.o)
                0x000000000800641c                __copybits
 .text.__any_on
                0x0000000008006450       0x44 /usr/bin/../lib/gcc/arm-none-eabi/4.9.3/../../../../arm-none-eabi/lib/armv7e-m/softfp/libc_nano.a(lib_a-mprec.o)
                0x0000000008006450                __any_on
 .text._calloc_r
                0x0000000008006494       0x1c /usr/bin/../lib/gcc/arm-none-eabi/4.9.3/../../../../arm-none-eabi/lib/armv7e-m/softfp/libc_nano.a(lib_a-nano-callocr.o)
                0x0000000008006494                _calloc_r
 .text._realloc_r
                0x00000000080064b0       0x4c /usr/bin/../lib/gcc/arm-none-eabi/4.9.3/../../../../arm-none-eabi/lib/armv7e-m/softfp/libc_nano.a(lib_a-nano-reallocr.o)
                0x00000000080064b0                _realloc_r
 .text.__ssputs_r
                0x00000000080064fc       0xb2 /usr/bin/../lib/gcc/arm-none-eabi/4.9.3/../../../../arm-none-eabi/lib/armv7e-m/softfp/libc_nano.a(lib_a-nano-svfprintf.o)
                0x00000000080064fc                __ssputs_r
 *fill*         0x00000000080065ae        0x2 
 .text._svfprintf_r
                0x00000000080065b0      0x1e4 /usr/bin/../lib/gcc/arm-none-eabi/4.9.3/../../../../arm-none-eabi/lib/armv7e-m/softfp/libc_nano.a(lib_a-nano-svfprintf.o)
                0x00000000080065b0                _svfprintf_r
                0x00000000080065b0                _svfiprintf_r
 .text._read_r  0x0000000008006794       0x24 /usr/bin/../lib/gcc/arm-none-eabi/4.9.3/../../../../arm-none-eabi/lib/armv7e-m/softfp/libc_nano.a(lib_a-readr.o)
                0x0000000008006794                _read_r
 .text._fstat_r
                0x00000000080067b8       0x24 /usr/bin/../lib/gcc/arm-none-eabi/4.9.3/../../../../arm-none-eabi/lib/armv7e-m/softfp/libc_nano.a(lib_a-fstatr.o)
                0x00000000080067b8                _fstat_r
 .text._isatty_r
                0x00000000080067dc       0x20 /usr/bin/../lib/gcc/arm-none-eabi/4.9.3/../../../../arm-none-eabi/lib/armv7e-m/softfp/libc_nano.a(lib_a-isattyr.o)
                0x00000000080067dc                _isatty_r
 .text._malloc_usable_size_r
                0x00000000080067fc       0x14 /usr/bin/../lib/gcc/arm-none-eabi/4.9.3/../../../../arm-none-eabi/lib/armv7e-m/softfp/libc_nano.a(lib_a-nano-msizer.o)
                0x00000000080067fc                _malloc_usable_size_r
 .text          0x0000000008006810      0x370 /usr/bin/../lib/gcc/arm-none-eabi/4.9.3/armv7e-m/softfp/libgcc.a(_arm_addsubdf3.o)
                0x0000000008006810                __aeabi_drsub
                0x0000000008006818                __aeabi_dsub
                0x0000000008006818                __subdf3
                0x000000000800681c                __adddf3
                0x000000000800681c                __aeabi_dadd
                0x0000000008006a94                __aeabi_ui2d
                0x0000000008006a94                __floatunsidf
                0x0000000008006ab4                __floatsidf
                0x0000000008006ab4                __aeabi_i2d
                0x0000000008006ad8                __extendsfdf2
                0x0000000008006ad8                __aeabi_f2d
                0x0000000008006b14                __aeabi_ul2d
                0x0000000008006b14                __floatundidf
                0x0000000008006b24                __floatdidf
                0x0000000008006b24                __aeabi_l2d
 .text          0x0000000008006b80      0x424 /usr/bin/../lib/gcc/arm-none-eabi/4.9.3/armv7e-m/softfp/libgcc.a(_arm_muldivdf3.o)
                0x0000000008006b80                __aeabi_dmul
                0x0000000008006b80                __muldf3
                0x0000000008006dd4                __aeabi_ddiv
                0x0000000008006dd4                __divdf3
 .text          0x0000000008006fa4      0x110 /usr/bin/../lib/gcc/arm-none-eabi/4.9.3/armv7e-m/softfp/libgcc.a(_arm_cmpdf2.o)
                0x0000000008006fa4                __gtdf2
                0x0000000008006fa4                __gedf2
                0x0000000008006fac                __ltdf2
                0x0000000008006fac                __ledf2
                0x0000000008006fb4                __cmpdf2
                0x0000000008006fb4                __eqdf2
                0x0000000008006fb4                __nedf2
                0x0000000008007030                __aeabi_cdrcmple
                0x0000000008007040                __aeabi_cdcmple
                0x0000000008007040                __aeabi_cdcmpeq
                0x0000000008007050                __aeabi_dcmpeq
                0x0000000008007064                __aeabi_dcmplt
                0x0000000008007078                __aeabi_dcmple
                0x000000000800708c                __aeabi_dcmpge
                0x00000000080070a0                __aeabi_dcmpgt
 .text          0x00000000080070b4       0x50 /usr/bin/../lib/gcc/arm-none-eabi/4.9.3/armv7e-m/softfp/libgcc.a(_arm_fixdfsi.o)
                0x00000000080070b4                __fixdfsi
                0x00000000080070b4                __aeabi_d2iz
 .text          0x0000000008007104       0x40 /usr/bin/../lib/gcc/arm-none-eabi/4.9.3/armv7e-m/softfp/libgcc.a(_arm_fixunsdfsi.o)
                0x0000000008007104                __fixunsdfsi
                0x0000000008007104                __aeabi_d2uiz
 .text          0x0000000008007144       0xa0 /usr/bin/../lib/gcc/arm-none-eabi/4.9.3/armv7e-m/softfp/libgcc.a(_arm_truncdfsf2.o)
                0x0000000008007144                __aeabi_d2f
                0x0000000008007144                __truncdfsf2
 *(.init)
 .init          0x00000000080071e4        0x4 /usr/bin/../lib/gcc/arm-none-eabi/4.9.3/armv7e-m/softfp/crti.o
                0x00000000080071e4                _init
 .init          0x00000000080071e8        0x8 /usr/bin/../lib/gcc/arm-none-eabi/4.9.3/armv7e-m/softfp/crtn.o
 *(.fini)
 .fini          0x00000000080071f0        0x4 /usr/bin/../lib/gcc/arm-none-eabi/4.9.3/armv7e-m/softfp/crti.o
                0x00000000080071f0                _fini
 .fini          0x00000000080071f4        0x8 /usr/bin/../lib/gcc/arm-none-eabi/4.9.3/armv7e-m/softfp/crtn.o
 *crtbegin.o(.ctors)
 *crtbegin?.o(.ctors)
 *(EXCLUDE_FILE(*crtend.o *crtend?.o) .ctors)
 *(SORT(.ctors.*))
 *(.ctors)
 *crtbegin.o(.dtors)
 *crtbegin?.o(.dtors)
 *(EXCLUDE_FILE(*crtend.o *crtend?.o) .dtors)
 *(SORT(.dtors.*))
 *(.dtors)
 *(.rodata*)
 .rodata.APBAHBPrescTable
                0x00000000080071fc       0x10 /home/kleber/Downloads/mbed-master/build/mbed/TARGET_MTS_MDOT_F405RG/TOOLCHAIN_GCC_ARM/stm32f4xx_hal_rcc.o
                0x00000000080071fc                APBAHBPrescTable
 .rodata.AHBPrescTable
                0x000000000800720c       0x10 /home/kleber/Downloads/mbed-master/build/mbed/TARGET_MTS_MDOT_F405RG/TOOLCHAIN_GCC_ARM/system_stm32f4xx.o
                0x000000000800720c                AHBPrescTable
 .rodata.str1.4
                0x000000000800721c       0xb3 /home/kleber/Downloads/mbed-master/build/mbed/TARGET_MTS_MDOT_F405RG/TOOLCHAIN_GCC_ARM/libmbed.a(analogin_api.o)
 *fill*         0x00000000080072cf        0x1 
 .rodata.str1.4
                0x00000000080072d0       0x95 /home/kleber/Downloads/mbed-master/build/mbed/TARGET_MTS_MDOT_F405RG/TOOLCHAIN_GCC_ARM/libmbed.a(pwmout_api.o)
                                         0xb1 (size before relaxing)
 *fill*         0x0000000008007365        0x3 
 .rodata.str1.4
                0x0000000008007368       0x99 /home/kleber/Downloads/mbed-master/build/mbed/TARGET_MTS_MDOT_F405RG/TOOLCHAIN_GCC_ARM/libmbed.a(serial_api.o)
 *fill*         0x0000000008007401        0x3 
 .rodata.str1.4
                0x0000000008007404       0x31 /home/kleber/Downloads/mbed-master/build/mbed/TARGET_MTS_MDOT_F405RG/TOOLCHAIN_GCC_ARM/libmbed.a(assert.o)
 *fill*         0x0000000008007435        0x3 
 .rodata.str1.4
                0x0000000008007438       0x66 /home/kleber/Downloads/mbed-master/build/mbed/TARGET_MTS_MDOT_F405RG/TOOLCHAIN_GCC_ARM/libmbed.a(pinmap_common.o)
 *fill*         0x000000000800749e        0x2 
 .rodata.us_interface
                0x00000000080074a0       0x14 /home/kleber/Downloads/mbed-master/build/mbed/TARGET_MTS_MDOT_F405RG/TOOLCHAIN_GCC_ARM/libmbed.a(us_ticker_api.o)
 .rodata.us_data
                0x00000000080074b4        0x8 /home/kleber/Downloads/mbed-master/build/mbed/TARGET_MTS_MDOT_F405RG/TOOLCHAIN_GCC_ARM/libmbed.a(us_ticker_api.o)
 .rodata.PinMap_UART_RX
                0x00000000080074bc       0x6c /home/kleber/Downloads/mbed-master/build/mbed/TARGET_MTS_MDOT_F405RG/TOOLCHAIN_GCC_ARM/libmbed.a(PeripheralPins.o)
                0x00000000080074bc                PinMap_UART_RX
 .rodata.PinMap_PWM
                0x0000000008007528      0x174 /home/kleber/Downloads/mbed-master/build/mbed/TARGET_MTS_MDOT_F405RG/TOOLCHAIN_GCC_ARM/libmbed.a(PeripheralPins.o)
                0x0000000008007528                PinMap_PWM
 .rodata.PinMap_UART_TX
                0x000000000800769c       0x6c /home/kleber/Downloads/mbed-master/build/mbed/TARGET_MTS_MDOT_F405RG/TOOLCHAIN_GCC_ARM/libmbed.a(PeripheralPins.o)
                0x000000000800769c                PinMap_UART_TX
 .rodata.PinMap_ADC
                0x0000000008007708       0xcc /home/kleber/Downloads/mbed-master/build/mbed/TARGET_MTS_MDOT_F405RG/TOOLCHAIN_GCC_ARM/libmbed.a(PeripheralPins.o)
                0x0000000008007708                PinMap_ADC
 .rodata.gpio_mode
                0x00000000080077d4       0x34 /home/kleber/Downloads/mbed-master/build/mbed/TARGET_MTS_MDOT_F405RG/TOOLCHAIN_GCC_ARM/libmbed.a(pinmap.o)
 .rodata.str1.4
                0x0000000008007808       0x9c /home/kleber/Downloads/mbed-master/build/mbed/TARGET_MTS_MDOT_F405RG/TOOLCHAIN_GCC_ARM/libmbed.a(pinmap.o)
                                         0x99 (size before relaxing)
 .rodata.__sf_fake_stdin
                0x00000000080078a4       0x20 /usr/bin/../lib/gcc/arm-none-eabi/4.9.3/../../../../arm-none-eabi/lib/armv7e-m/softfp/libc_nano.a(lib_a-findfp.o)
                0x00000000080078a4                __sf_fake_stdin
 .rodata.__sf_fake_stdout
                0x00000000080078c4       0x20 /usr/bin/../lib/gcc/arm-none-eabi/4.9.3/../../../../arm-none-eabi/lib/armv7e-m/softfp/libc_nano.a(lib_a-findfp.o)
                0x00000000080078c4                __sf_fake_stdout
 .rodata.__sf_fake_stderr
                0x00000000080078e4       0x20 /usr/bin/../lib/gcc/arm-none-eabi/4.9.3/../../../../arm-none-eabi/lib/armv7e-m/softfp/libc_nano.a(lib_a-findfp.o)
                0x00000000080078e4                __sf_fake_stderr
 .rodata.str1.1
                0x0000000008007904        0x2 /usr/bin/../lib/gcc/arm-none-eabi/4.9.3/../../../../arm-none-eabi/lib/armv7e-m/softfp/libc_nano.a(lib_a-impure.o)
 *fill*         0x0000000008007906        0x2 
 .rodata._global_impure_ptr
                0x0000000008007908        0x4 /usr/bin/../lib/gcc/arm-none-eabi/4.9.3/../../../../arm-none-eabi/lib/armv7e-m/softfp/libc_nano.a(lib_a-impure.o)
                0x0000000008007908                _global_impure_ptr
 .rodata.str1.1
                0x000000000800790c       0x11 /usr/bin/../lib/gcc/arm-none-eabi/4.9.3/../../../../arm-none-eabi/lib/armv7e-m/softfp/libc_nano.a(lib_a-nano-vfprintf.o)
 .rodata.str1.1
                0x000000000800791d       0x12 /usr/bin/../lib/gcc/arm-none-eabi/4.9.3/../../../../arm-none-eabi/lib/armv7e-m/softfp/libc_nano.a(lib_a-nano-vfprintf_float.o)
 .rodata.str1.1
                0x000000000800792f       0x22 /usr/bin/../lib/gcc/arm-none-eabi/4.9.3/../../../../arm-none-eabi/lib/armv7e-m/softfp/libc_nano.a(lib_a-nano-vfprintf_i.o)
 .rodata.str1.1
                0x0000000008007951        0x5 /usr/bin/../lib/gcc/arm-none-eabi/4.9.3/../../../../arm-none-eabi/lib/armv7e-m/softfp/libc_nano.a(lib_a-nano-vfscanf_float.o)
 .rodata.str1.1
                0x0000000000000000        0x5 /usr/bin/../lib/gcc/arm-none-eabi/4.9.3/../../../../arm-none-eabi/lib/armv7e-m/softfp/libc_nano.a(lib_a-strtod.o)
                                          0xc (size before relaxing)
 *fill*         0x0000000008007956        0x2 
 .rodata.fpinan.5315
                0x0000000008007958       0x14 /usr/bin/../lib/gcc/arm-none-eabi/4.9.3/../../../../arm-none-eabi/lib/armv7e-m/softfp/libc_nano.a(lib_a-strtod.o)
 *fill*         0x000000000800796c        0x4 
 .rodata.tinytens
                0x0000000008007970       0x28 /usr/bin/../lib/gcc/arm-none-eabi/4.9.3/../../../../arm-none-eabi/lib/armv7e-m/softfp/libc_nano.a(lib_a-strtod.o)
 .rodata.fpi.5279
                0x0000000008007998       0x14 /usr/bin/../lib/gcc/arm-none-eabi/4.9.3/../../../../arm-none-eabi/lib/armv7e-m/softfp/libc_nano.a(lib_a-strtod.o)
 .rodata._ctype_
                0x00000000080079ac      0x101 /usr/bin/../lib/gcc/arm-none-eabi/4.9.3/../../../../arm-none-eabi/lib/armv7e-m/softfp/libc_nano.a(lib_a-ctype_.o)
                0x00000000080079ac                _ctype_
 .rodata.str1.1
                0x0000000008007aad        0xd /usr/bin/../lib/gcc/arm-none-eabi/4.9.3/../../../../arm-none-eabi/lib/armv7e-m/softfp/libc_nano.a(lib_a-dtoa.o)
                                          0xf (size before relaxing)
 .rodata.str1.1
                0x0000000008007aba        0x8 /usr/bin/../lib/gcc/arm-none-eabi/4.9.3/../../../../arm-none-eabi/lib/armv7e-m/softfp/libc_nano.a(lib_a-locale.o)
                                          0xb (size before relaxing)
 *fill*         0x0000000008007ac2        0x6 
 .rodata.__mprec_tens
                0x0000000008007ac8       0xc8 /usr/bin/../lib/gcc/arm-none-eabi/4.9.3/../../../../arm-none-eabi/lib/armv7e-m/softfp/libc_nano.a(lib_a-mprec.o)
                0x0000000008007ac8                __mprec_tens
 .rodata.__mprec_bigtens
                0x0000000008007b90       0x28 /usr/bin/../lib/gcc/arm-none-eabi/4.9.3/../../../../arm-none-eabi/lib/armv7e-m/softfp/libc_nano.a(lib_a-mprec.o)
                0x0000000008007b90                __mprec_bigtens
 .rodata.p05.5314
                0x0000000008007bb8        0xc /usr/bin/../lib/gcc/arm-none-eabi/4.9.3/../../../../arm-none-eabi/lib/armv7e-m/softfp/libc_nano.a(lib_a-mprec.o)
 .rodata.str1.1
                0x0000000000000000       0x11 /usr/bin/../lib/gcc/arm-none-eabi/4.9.3/../../../../arm-none-eabi/lib/armv7e-m/softfp/libc_nano.a(lib_a-nano-svfprintf.o)
 *(.eh_frame*)
 .eh_frame      0x0000000008007bc4        0x0 /usr/bin/../lib/gcc/arm-none-eabi/4.9.3/armv7e-m/softfp/crtbegin.o
 .eh_frame      0x0000000008007bc4        0x0 /usr/bin/../lib/gcc/arm-none-eabi/4.9.3/../../../../arm-none-eabi/lib/armv7e-m/softfp/libc_nano.a(lib_a-strcmp.o)
                                         0x28 (size before relaxing)
 .eh_frame      0x0000000008007bc4        0x4 /usr/bin/../lib/gcc/arm-none-eabi/4.9.3/armv7e-m/softfp/crtend.o

.glue_7         0x0000000008007bc8        0x0
 .glue_7        0x0000000000000000        0x0 linker stubs

.glue_7t        0x0000000008007bc8        0x0
 .glue_7t       0x0000000000000000        0x0 linker stubs

.vfp11_veneer   0x0000000008007bc8        0x0
 .vfp11_veneer  0x0000000000000000        0x0 linker stubs

.v4_bx          0x0000000008007bc8        0x0
 .v4_bx         0x0000000000000000        0x0 linker stubs

.iplt           0x0000000008007bc8        0x0
 .iplt          0x0000000000000000        0x0 /usr/bin/../lib/gcc/arm-none-eabi/4.9.3/armv7e-m/softfp/crtbegin.o

.ARM.extab
 *(.ARM.extab* .gnu.linkonce.armextab.*)
                0x0000000008007bc8                __exidx_start = .

.ARM.exidx      0x0000000008007bc8        0x8
 *(.ARM.exidx* .gnu.linkonce.armexidx.*)
 .ARM.exidx     0x0000000008007bc8        0x8 /usr/bin/../lib/gcc/arm-none-eabi/4.9.3/../../../../arm-none-eabi/lib/armv7e-m/softfp/crt0.o
                0x0000000008007bd0                __exidx_end = .
                0x0000000008007bd0                __etext = .

.rel.dyn        0x0000000008007bd0        0x0
 .rel.iplt      0x0000000000000000        0x0 /usr/bin/../lib/gcc/arm-none-eabi/4.9.3/armv7e-m/softfp/crtbegin.o

.data           0x0000000020000188       0xb8 load address 0x0000000008007bd0
                0x0000000020000188                __data_start__ = .
 *(vtable)
 *(.data*)
 .data._ZZ5_sbrkE4heap
                0x0000000020000188        0x4 /home/kleber/Downloads/mbed-master/build/mbed/TARGET_MTS_MDOT_F405RG/TOOLCHAIN_GCC_ARM/retarget.o
 .data.SystemCoreClock
                0x000000002000018c        0x4 /home/kleber/Downloads/mbed-master/build/mbed/TARGET_MTS_MDOT_F405RG/TOOLCHAIN_GCC_ARM/system_stm32f4xx.o
                0x000000002000018c                SystemCoreClock
 .data.impure_data
                0x0000000020000190       0x60 /usr/bin/../lib/gcc/arm-none-eabi/4.9.3/../../../../arm-none-eabi/lib/armv7e-m/softfp/libc_nano.a(lib_a-impure.o)
 .data._impure_ptr
                0x00000000200001f0        0x4 /usr/bin/../lib/gcc/arm-none-eabi/4.9.3/../../../../arm-none-eabi/lib/armv7e-m/softfp/libc_nano.a(lib_a-impure.o)
                0x00000000200001f0                _impure_ptr
 .data.__ctype_ptr__
                0x00000000200001f4        0x4 /usr/bin/../lib/gcc/arm-none-eabi/4.9.3/../../../../arm-none-eabi/lib/armv7e-m/softfp/libc_nano.a(lib_a-ctype_.o)
                0x00000000200001f4                __ctype_ptr__
 .data.lconv    0x00000000200001f8       0x38 /usr/bin/../lib/gcc/arm-none-eabi/4.9.3/../../../../arm-none-eabi/lib/armv7e-m/softfp/libc_nano.a(lib_a-locale.o)
                0x0000000020000230                . = ALIGN (0x4)
                0x0000000020000230                PROVIDE (__preinit_array_start, .)
 *(.preinit_array)
                0x0000000020000230                PROVIDE (__preinit_array_end, .)
                0x0000000020000230                . = ALIGN (0x4)
                0x0000000020000230                PROVIDE (__init_array_start, .)
 *(SORT(.init_array.*))
 *(.init_array)
 .init_array    0x0000000020000230        0x4 /usr/bin/../lib/gcc/arm-none-eabi/4.9.3/armv7e-m/softfp/crtbegin.o
 .init_array    0x0000000020000234        0x4 ./obj/user/main.o
                0x0000000020000238                PROVIDE (__init_array_end, .)
                0x0000000020000238                . = ALIGN (0x4)
                0x0000000020000238                PROVIDE (__fini_array_start, .)
 *(SORT(.fini_array.*))
 *(.fini_array)
 .fini_array    0x0000000020000238        0x4 /usr/bin/../lib/gcc/arm-none-eabi/4.9.3/armv7e-m/softfp/crtbegin.o
                0x000000002000023c                PROVIDE (__fini_array_end, .)
 *(.jcr*)
 .jcr           0x000000002000023c        0x0 /usr/bin/../lib/gcc/arm-none-eabi/4.9.3/armv7e-m/softfp/crtbegin.o
 .jcr           0x000000002000023c        0x4 /usr/bin/../lib/gcc/arm-none-eabi/4.9.3/armv7e-m/softfp/crtend.o
                0x0000000020000240                . = ALIGN (0x4)
                0x0000000020000240                __data_end__ = .

.igot.plt       0x0000000020000240        0x0 load address 0x0000000008007c88
 .igot.plt      0x0000000000000000        0x0 /usr/bin/../lib/gcc/arm-none-eabi/4.9.3/armv7e-m/softfp/crtbegin.o

.bss            0x0000000020000240      0x2b8 load address 0x0000000008007c88
                0x0000000020000240                . = ALIGN (0x4)
                0x0000000020000240                __bss_start__ = .
 *(.bss*)
 .bss           0x0000000020000240       0x1c /usr/bin/../lib/gcc/arm-none-eabi/4.9.3/armv7e-m/softfp/crtbegin.o
 .bss.uwTick    0x000000002000025c        0x4 /home/kleber/Downloads/mbed-master/build/mbed/TARGET_MTS_MDOT_F405RG/TOOLCHAIN_GCC_ARM/stm32f4xx_hal.o
 .bss._ZL11filehandles
                0x0000000020000260      0x100 /home/kleber/Downloads/mbed-master/build/mbed/TARGET_MTS_MDOT_F405RG/TOOLCHAIN_GCC_ARM/retarget.o
 .bss.PreviousVal
                0x0000000020000360        0x4 /home/kleber/Downloads/mbed-master/build/mbed/TARGET_MTS_MDOT_F405RG/TOOLCHAIN_GCC_ARM/hal_tick.o
                0x0000000020000360                PreviousVal
 .bss.pin13     0x0000000020000364       0x14 ./obj/user/main.o
                0x0000000020000364                pin13
 .bss.pin15     0x0000000020000378        0x8 ./obj/user/main.o
                0x0000000020000378                pin15
 .bss.adc1_inited.9663
                0x0000000020000380        0x4 /home/kleber/Downloads/mbed-master/build/mbed/TARGET_MTS_MDOT_F405RG/TOOLCHAIN_GCC_ARM/libmbed.a(analogin_api.o)
 .bss.adc3_inited.9664
                0x0000000020000384        0x4 /home/kleber/Downloads/mbed-master/build/mbed/TARGET_MTS_MDOT_F405RG/TOOLCHAIN_GCC_ARM/libmbed.a(analogin_api.o)
 .bss.TimHandle
                0x0000000020000388       0x3c /home/kleber/Downloads/mbed-master/build/mbed/TARGET_MTS_MDOT_F405RG/TOOLCHAIN_GCC_ARM/libmbed.a(pwmout_api.o)
 .bss.stdio_uart_inited
                0x00000000200003c4        0x4 /home/kleber/Downloads/mbed-master/build/mbed/TARGET_MTS_MDOT_F405RG/TOOLCHAIN_GCC_ARM/libmbed.a(serial_api.o)
                0x00000000200003c4                stdio_uart_inited
 .bss.events    0x00000000200003c8        0x8 /home/kleber/Downloads/mbed-master/build/mbed/TARGET_MTS_MDOT_F405RG/TOOLCHAIN_GCC_ARM/libmbed.a(us_ticker_api.o)
 .bss.TimMasterHandle
                0x00000000200003d0       0x3c /home/kleber/Downloads/mbed-master/build/mbed/TARGET_MTS_MDOT_F405RG/TOOLCHAIN_GCC_ARM/libmbed.a(us_ticker.o)
 .bss.us_ticker_inited
                0x000000002000040c        0x4 /home/kleber/Downloads/mbed-master/build/mbed/TARGET_MTS_MDOT_F405RG/TOOLCHAIN_GCC_ARM/libmbed.a(us_ticker.o)
 .bss.__malloc_sbrk_start
                0x0000000020000410        0x4 /usr/bin/../lib/gcc/arm-none-eabi/4.9.3/../../../../arm-none-eabi/lib/armv7e-m/softfp/libc_nano.a(lib_a-nano-mallocr.o)
                0x0000000020000410                __malloc_sbrk_start
 .bss.__malloc_free_list
                0x0000000020000414        0x4 /usr/bin/../lib/gcc/arm-none-eabi/4.9.3/../../../../arm-none-eabi/lib/armv7e-m/softfp/libc_nano.a(lib_a-nano-mallocr.o)
                0x0000000020000414                __malloc_free_list
 *(COMMON)
 COMMON         0x0000000020000418       0x3c /home/kleber/Downloads/mbed-master/build/mbed/TARGET_MTS_MDOT_F405RG/TOOLCHAIN_GCC_ARM/hal_tick.o
                0x0000000020000418                TimMasterHandle
 COMMON         0x0000000020000454       0x44 /home/kleber/Downloads/mbed-master/build/mbed/TARGET_MTS_MDOT_F405RG/TOOLCHAIN_GCC_ARM/libmbed.a(analogin_api.o)
                0x0000000020000454                AdcHandle
 COMMON         0x0000000020000498       0x5c /home/kleber/Downloads/mbed-master/build/mbed/TARGET_MTS_MDOT_F405RG/TOOLCHAIN_GCC_ARM/libmbed.a(serial_api.o)
                0x0000000020000498                UartHandle
                0x00000000200004d8                stdio_uart
 COMMON         0x00000000200004f4        0x4 /usr/bin/../lib/gcc/arm-none-eabi/4.9.3/../../../../arm-none-eabi/lib/armv7e-m/softfp/libc_nano.a(lib_a-reent.o)
                0x00000000200004f4                errno
                0x00000000200004f8                . = ALIGN (0x4)
                0x00000000200004f8                __bss_end__ = .

.heap           0x00000000200004f8        0x0
                0x00000000200004f8                __end__ = .
                0x00000000200004f8                end = __end__
 *(.heap*)
 .heap          0x00000000200004f8        0x0 /home/kleber/Downloads/mbed-master/build/mbed/TARGET_MTS_MDOT_F405RG/TOOLCHAIN_GCC_ARM/startup_STM32F40x.o
                0x00000000200004f8                __HeapLimit = .

.stack_dummy    0x00000000200004f8      0xc00
 *(.stack*)
 .stack         0x00000000200004f8      0xc00 /home/kleber/Downloads/mbed-master/build/mbed/TARGET_MTS_MDOT_F405RG/TOOLCHAIN_GCC_ARM/startup_STM32F40x.o
                0x0000000020020000                __StackTop = (ORIGIN (RAM) + 0x1fe78)
                0x000000002001f400                __StackLimit = (__StackTop - SIZEOF (.stack_dummy))
                0x0000000020020000                PROVIDE (__stack, __StackTop)
                0x0000000000000001                ASSERT ((__StackLimit >= __HeapLimit), region RAM overflowed with stack)
OUTPUT(../bin/debug/executable.elf elf32-littlearm)

.ARM.attributes
                0x0000000000000000       0x2e
 .ARM.attributes
                0x0000000000000000       0x22 /usr/bin/../lib/gcc/arm-none-eabi/4.9.3/armv7e-m/softfp/crti.o
 .ARM.attributes
                0x0000000000000022       0x32 /usr/bin/../lib/gcc/arm-none-eabi/4.9.3/armv7e-m/softfp/crtbegin.o
 .ARM.attributes
                0x0000000000000054       0x20 /usr/bin/../lib/gcc/arm-none-eabi/4.9.3/../../../../arm-none-eabi/lib/armv7e-m/softfp/crt0.o
 .ARM.attributes
                0x0000000000000074       0x37 /home/kleber/Downloads/mbed-master/build/mbed/TARGET_MTS_MDOT_F405RG/TOOLCHAIN_GCC_ARM/stm32f4xx_hal_adc.o
 .ARM.attributes
                0x00000000000000ab       0x37 /home/kleber/Downloads/mbed-master/build/mbed/TARGET_MTS_MDOT_F405RG/TOOLCHAIN_GCC_ARM/stm32f4xx_hal_gpio.o
 .ARM.attributes
                0x00000000000000e2       0x37 /home/kleber/Downloads/mbed-master/build/mbed/TARGET_MTS_MDOT_F405RG/TOOLCHAIN_GCC_ARM/cmsis_nvic.o
 .ARM.attributes
                0x0000000000000119       0x37 /home/kleber/Downloads/mbed-master/build/mbed/TARGET_MTS_MDOT_F405RG/TOOLCHAIN_GCC_ARM/stm32f4xx_hal_cortex.o
 .ARM.attributes
                0x0000000000000150       0x37 /home/kleber/Downloads/mbed-master/build/mbed/TARGET_MTS_MDOT_F405RG/TOOLCHAIN_GCC_ARM/stm32f4xx_hal_tim_ex.o
 .ARM.attributes
                0x0000000000000187       0x37 /home/kleber/Downloads/mbed-master/build/mbed/TARGET_MTS_MDOT_F405RG/TOOLCHAIN_GCC_ARM/stm32f4xx_hal_tim.o
 .ARM.attributes
                0x00000000000001be       0x37 /home/kleber/Downloads/mbed-master/build/mbed/TARGET_MTS_MDOT_F405RG/TOOLCHAIN_GCC_ARM/mbed_overrides.o
 .ARM.attributes
                0x00000000000001f5       0x37 /home/kleber/Downloads/mbed-master/build/mbed/TARGET_MTS_MDOT_F405RG/TOOLCHAIN_GCC_ARM/board.o
 .ARM.attributes
                0x000000000000022c       0x37 /home/kleber/Downloads/mbed-master/build/mbed/TARGET_MTS_MDOT_F405RG/TOOLCHAIN_GCC_ARM/stm32f4xx_hal_rcc.o
 .ARM.attributes
                0x0000000000000263       0x37 /home/kleber/Downloads/mbed-master/build/mbed/TARGET_MTS_MDOT_F405RG/TOOLCHAIN_GCC_ARM/stm32f4xx_hal_msp_template.o
 .ARM.attributes
                0x000000000000029a       0x37 /home/kleber/Downloads/mbed-master/build/mbed/TARGET_MTS_MDOT_F405RG/TOOLCHAIN_GCC_ARM/stm32f4xx_hal.o
 .ARM.attributes
                0x00000000000002d1       0x37 /home/kleber/Downloads/mbed-master/build/mbed/TARGET_MTS_MDOT_F405RG/TOOLCHAIN_GCC_ARM/retarget.o
 .ARM.attributes
                0x0000000000000308       0x37 /home/kleber/Downloads/mbed-master/build/mbed/TARGET_MTS_MDOT_F405RG/TOOLCHAIN_GCC_ARM/stm32f4xx_hal_uart.o
 .ARM.attributes
                0x000000000000033f       0x1f /home/kleber/Downloads/mbed-master/build/mbed/TARGET_MTS_MDOT_F405RG/TOOLCHAIN_GCC_ARM/startup_STM32F40x.o
 .ARM.attributes
                0x000000000000035e       0x37 /home/kleber/Downloads/mbed-master/build/mbed/TARGET_MTS_MDOT_F405RG/TOOLCHAIN_GCC_ARM/system_stm32f4xx.o
 .ARM.attributes
                0x0000000000000395       0x37 /home/kleber/Downloads/mbed-master/build/mbed/TARGET_MTS_MDOT_F405RG/TOOLCHAIN_GCC_ARM/hal_tick.o
 .ARM.attributes
                0x00000000000003cc       0x37 ./obj/user/main.o
 .ARM.attributes
                0x0000000000000403       0x37 /home/kleber/Downloads/mbed-master/build/mbed/TARGET_MTS_MDOT_F405RG/TOOLCHAIN_GCC_ARM/libmbed.a(analogin_api.o)
 .ARM.attributes
                0x000000000000043a       0x37 /home/kleber/Downloads/mbed-master/build/mbed/TARGET_MTS_MDOT_F405RG/TOOLCHAIN_GCC_ARM/libmbed.a(pwmout_api.o)
 .ARM.attributes
                0x0000000000000471       0x37 /home/kleber/Downloads/mbed-master/build/mbed/TARGET_MTS_MDOT_F405RG/TOOLCHAIN_GCC_ARM/libmbed.a(serial_api.o)
 .ARM.attributes
                0x00000000000004a8       0x37 /home/kleber/Downloads/mbed-master/build/mbed/TARGET_MTS_MDOT_F405RG/TOOLCHAIN_GCC_ARM/libmbed.a(assert.o)
 .ARM.attributes
                0x00000000000004df       0x37 /home/kleber/Downloads/mbed-master/build/mbed/TARGET_MTS_MDOT_F405RG/TOOLCHAIN_GCC_ARM/libmbed.a(error.o)
 .ARM.attributes
                0x0000000000000516       0x37 /home/kleber/Downloads/mbed-master/build/mbed/TARGET_MTS_MDOT_F405RG/TOOLCHAIN_GCC_ARM/libmbed.a(pinmap_common.o)
 .ARM.attributes
                0x000000000000054d       0x37 /home/kleber/Downloads/mbed-master/build/mbed/TARGET_MTS_MDOT_F405RG/TOOLCHAIN_GCC_ARM/libmbed.a(us_ticker_api.o)
 .ARM.attributes
                0x0000000000000584       0x37 /home/kleber/Downloads/mbed-master/build/mbed/TARGET_MTS_MDOT_F405RG/TOOLCHAIN_GCC_ARM/libmbed.a(wait_api.o)
 .ARM.attributes
                0x00000000000005bb       0x37 /home/kleber/Downloads/mbed-master/build/mbed/TARGET_MTS_MDOT_F405RG/TOOLCHAIN_GCC_ARM/libmbed.a(PeripheralPins.o)
 .ARM.attributes
                0x00000000000005f2       0x37 /home/kleber/Downloads/mbed-master/build/mbed/TARGET_MTS_MDOT_F405RG/TOOLCHAIN_GCC_ARM/libmbed.a(pinmap.o)
 .ARM.attributes
                0x0000000000000629       0x37 /home/kleber/Downloads/mbed-master/build/mbed/TARGET_MTS_MDOT_F405RG/TOOLCHAIN_GCC_ARM/libmbed.a(us_ticker.o)
 .ARM.attributes
                0x0000000000000660       0x37 /home/kleber/Downloads/mbed-master/build/mbed/TARGET_MTS_MDOT_F405RG/TOOLCHAIN_GCC_ARM/libmbed.a(ticker_api.o)
 .ARM.attributes
                0x0000000000000697       0x32 /usr/bin/../lib/gcc/arm-none-eabi/4.9.3/../../../../arm-none-eabi/lib/armv7e-m/softfp/libc_nano.a(lib_a-errno.o)
 .ARM.attributes
                0x00000000000006c9       0x32 /usr/bin/../lib/gcc/arm-none-eabi/4.9.3/../../../../arm-none-eabi/lib/armv7e-m/softfp/libc_nano.a(lib_a-exit.o)
 .ARM.attributes
                0x00000000000006fb       0x32 /usr/bin/../lib/gcc/arm-none-eabi/4.9.3/../../../../arm-none-eabi/lib/armv7e-m/softfp/libc_nano.a(lib_a-fflush.o)
 .ARM.attributes
                0x000000000000072d       0x32 /usr/bin/../lib/gcc/arm-none-eabi/4.9.3/../../../../arm-none-eabi/lib/armv7e-m/softfp/libc_nano.a(lib_a-findfp.o)
 .ARM.attributes
                0x000000000000075f       0x32 /usr/bin/../lib/gcc/arm-none-eabi/4.9.3/../../../../arm-none-eabi/lib/armv7e-m/softfp/libc_nano.a(lib_a-fwalk.o)
 .ARM.attributes
                0x0000000000000791       0x32 /usr/bin/../lib/gcc/arm-none-eabi/4.9.3/../../../../arm-none-eabi/lib/armv7e-m/softfp/libc_nano.a(lib_a-impure.o)
 .ARM.attributes
                0x00000000000007c3       0x32 /usr/bin/../lib/gcc/arm-none-eabi/4.9.3/../../../../arm-none-eabi/lib/armv7e-m/softfp/libc_nano.a(lib_a-init.o)
 .ARM.attributes
                0x00000000000007f5       0x32 /usr/bin/../lib/gcc/arm-none-eabi/4.9.3/../../../../arm-none-eabi/lib/armv7e-m/softfp/libc_nano.a(lib_a-malloc.o)
 .ARM.attributes
                0x0000000000000827       0x32 /usr/bin/../lib/gcc/arm-none-eabi/4.9.3/../../../../arm-none-eabi/lib/armv7e-m/softfp/libc_nano.a(lib_a-memchr.o)
 .ARM.attributes
                0x0000000000000859       0x32 /usr/bin/../lib/gcc/arm-none-eabi/4.9.3/../../../../arm-none-eabi/lib/armv7e-m/softfp/libc_nano.a(lib_a-memcpy.o)
 .ARM.attributes
                0x000000000000088b       0x32 /usr/bin/../lib/gcc/arm-none-eabi/4.9.3/../../../../arm-none-eabi/lib/armv7e-m/softfp/libc_nano.a(lib_a-memset.o)
 .ARM.attributes
                0x00000000000008bd       0x32 /usr/bin/../lib/gcc/arm-none-eabi/4.9.3/../../../../arm-none-eabi/lib/armv7e-m/softfp/libc_nano.a(lib_a-nano-freer.o)
 .ARM.attributes
                0x00000000000008ef       0x32 /usr/bin/../lib/gcc/arm-none-eabi/4.9.3/../../../../arm-none-eabi/lib/armv7e-m/softfp/libc_nano.a(lib_a-nano-mallocr.o)
 .ARM.attributes
                0x0000000000000921       0x32 /usr/bin/../lib/gcc/arm-none-eabi/4.9.3/../../../../arm-none-eabi/lib/armv7e-m/softfp/libc_nano.a(lib_a-nano-vfprintf.o)
 .ARM.attributes
                0x0000000000000953       0x32 /usr/bin/../lib/gcc/arm-none-eabi/4.9.3/../../../../arm-none-eabi/lib/armv7e-m/softfp/libc_nano.a(lib_a-nano-vfprintf_float.o)
 .ARM.attributes
                0x0000000000000985       0x32 /usr/bin/../lib/gcc/arm-none-eabi/4.9.3/../../../../arm-none-eabi/lib/armv7e-m/softfp/libc_nano.a(lib_a-nano-vfprintf_i.o)
 .ARM.attributes
                0x00000000000009b7       0x32 /usr/bin/../lib/gcc/arm-none-eabi/4.9.3/../../../../arm-none-eabi/lib/armv7e-m/softfp/libc_nano.a(lib_a-nano-vfscanf_float.o)
 .ARM.attributes
                0x00000000000009e9       0x32 /usr/bin/../lib/gcc/arm-none-eabi/4.9.3/../../../../arm-none-eabi/lib/armv7e-m/softfp/libc_nano.a(lib_a-reent.o)
 .ARM.attributes
                0x0000000000000a1b       0x32 /usr/bin/../lib/gcc/arm-none-eabi/4.9.3/../../../../arm-none-eabi/lib/armv7e-m/softfp/libc_nano.a(lib_a-s_fpclassify.o)
 .ARM.attributes
                0x0000000000000a4d       0x32 /usr/bin/../lib/gcc/arm-none-eabi/4.9.3/../../../../arm-none-eabi/lib/armv7e-m/softfp/libc_nano.a(lib_a-sbrkr.o)
 .ARM.attributes
                0x0000000000000a7f       0x32 /usr/bin/../lib/gcc/arm-none-eabi/4.9.3/../../../../arm-none-eabi/lib/armv7e-m/softfp/libc_nano.a(lib_a-sf_nan.o)
 .ARM.attributes
                0x0000000000000ab1       0x32 /usr/bin/../lib/gcc/arm-none-eabi/4.9.3/../../../../arm-none-eabi/lib/armv7e-m/softfp/libc_nano.a(lib_a-sprintf.o)
 .ARM.attributes
                0x0000000000000ae3       0x32 /usr/bin/../lib/gcc/arm-none-eabi/4.9.3/../../../../arm-none-eabi/lib/armv7e-m/softfp/libc_nano.a(lib_a-stdio.o)
 .ARM.attributes
                0x0000000000000b15       0x20 /usr/bin/../lib/gcc/arm-none-eabi/4.9.3/../../../../arm-none-eabi/lib/armv7e-m/softfp/libc_nano.a(lib_a-strcmp.o)
 .ARM.attributes
                0x0000000000000b35       0x32 /usr/bin/../lib/gcc/arm-none-eabi/4.9.3/../../../../arm-none-eabi/lib/armv7e-m/softfp/libc_nano.a(lib_a-strlen.o)
 .ARM.attributes
                0x0000000000000b67       0x32 /usr/bin/../lib/gcc/arm-none-eabi/4.9.3/../../../../arm-none-eabi/lib/armv7e-m/softfp/libc_nano.a(lib_a-strncmp.o)
 .ARM.attributes
                0x0000000000000b99       0x32 /usr/bin/../lib/gcc/arm-none-eabi/4.9.3/../../../../arm-none-eabi/lib/armv7e-m/softfp/libc_nano.a(lib_a-strtod.o)
 .ARM.attributes
                0x0000000000000bcb       0x32 /usr/bin/../lib/gcc/arm-none-eabi/4.9.3/../../../../arm-none-eabi/lib/armv7e-m/softfp/libc_nano.a(lib_a-strtol.o)
 .ARM.attributes
                0x0000000000000bfd       0x32 /usr/bin/../lib/gcc/arm-none-eabi/4.9.3/../../../../arm-none-eabi/lib/armv7e-m/softfp/libc_nano.a(lib_a-wbuf.o)
 .ARM.attributes
                0x0000000000000c2f       0x32 /usr/bin/../lib/gcc/arm-none-eabi/4.9.3/../../../../arm-none-eabi/lib/armv7e-m/softfp/libc_nano.a(lib_a-writer.o)
 .ARM.attributes
                0x0000000000000c61       0x32 /usr/bin/../lib/gcc/arm-none-eabi/4.9.3/../../../../arm-none-eabi/lib/armv7e-m/softfp/libc_nano.a(lib_a-wsetup.o)
 .ARM.attributes
                0x0000000000000c93       0x32 /usr/bin/../lib/gcc/arm-none-eabi/4.9.3/../../../../arm-none-eabi/lib/armv7e-m/softfp/libc_nano.a(lib_a-closer.o)
 .ARM.attributes
                0x0000000000000cc5       0x32 /usr/bin/../lib/gcc/arm-none-eabi/4.9.3/../../../../arm-none-eabi/lib/armv7e-m/softfp/libc_nano.a(lib_a-ctype_.o)
 .ARM.attributes
                0x0000000000000cf7       0x32 /usr/bin/../lib/gcc/arm-none-eabi/4.9.3/../../../../arm-none-eabi/lib/armv7e-m/softfp/libc_nano.a(lib_a-dtoa.o)
 .ARM.attributes
                0x0000000000000d29       0x32 /usr/bin/../lib/gcc/arm-none-eabi/4.9.3/../../../../arm-none-eabi/lib/armv7e-m/softfp/libc_nano.a(lib_a-gdtoa-gethex.o)
 .ARM.attributes
                0x0000000000000d5b       0x32 /usr/bin/../lib/gcc/arm-none-eabi/4.9.3/../../../../arm-none-eabi/lib/armv7e-m/softfp/libc_nano.a(lib_a-gdtoa-hexnan.o)
 .ARM.attributes
                0x0000000000000d8d       0x32 /usr/bin/../lib/gcc/arm-none-eabi/4.9.3/../../../../arm-none-eabi/lib/armv7e-m/softfp/libc_nano.a(lib_a-locale.o)
 .ARM.attributes
                0x0000000000000dbf       0x32 /usr/bin/../lib/gcc/arm-none-eabi/4.9.3/../../../../arm-none-eabi/lib/armv7e-m/softfp/libc_nano.a(lib_a-lseekr.o)
 .ARM.attributes
                0x0000000000000df1       0x32 /usr/bin/../lib/gcc/arm-none-eabi/4.9.3/../../../../arm-none-eabi/lib/armv7e-m/softfp/libc_nano.a(lib_a-makebuf.o)
 .ARM.attributes
                0x0000000000000e23       0x32 /usr/bin/../lib/gcc/arm-none-eabi/4.9.3/../../../../arm-none-eabi/lib/armv7e-m/softfp/libc_nano.a(lib_a-memmove.o)
 .ARM.attributes
                0x0000000000000e55       0x32 /usr/bin/../lib/gcc/arm-none-eabi/4.9.3/../../../../arm-none-eabi/lib/armv7e-m/softfp/libc_nano.a(lib_a-mprec.o)
 .ARM.attributes
                0x0000000000000e87       0x32 /usr/bin/../lib/gcc/arm-none-eabi/4.9.3/../../../../arm-none-eabi/lib/armv7e-m/softfp/libc_nano.a(lib_a-nano-callocr.o)
 .ARM.attributes
                0x0000000000000eb9       0x32 /usr/bin/../lib/gcc/arm-none-eabi/4.9.3/../../../../arm-none-eabi/lib/armv7e-m/softfp/libc_nano.a(lib_a-nano-reallocr.o)
 .ARM.attributes
                0x0000000000000eeb       0x32 /usr/bin/../lib/gcc/arm-none-eabi/4.9.3/../../../../arm-none-eabi/lib/armv7e-m/softfp/libc_nano.a(lib_a-nano-svfprintf.o)
 .ARM.attributes
                0x0000000000000f1d       0x32 /usr/bin/../lib/gcc/arm-none-eabi/4.9.3/../../../../arm-none-eabi/lib/armv7e-m/softfp/libc_nano.a(lib_a-readr.o)
 .ARM.attributes
                0x0000000000000f4f       0x32 /usr/bin/../lib/gcc/arm-none-eabi/4.9.3/../../../../arm-none-eabi/lib/armv7e-m/softfp/libc_nano.a(lib_a-fstatr.o)
 .ARM.attributes
                0x0000000000000f81       0x32 /usr/bin/../lib/gcc/arm-none-eabi/4.9.3/../../../../arm-none-eabi/lib/armv7e-m/softfp/libc_nano.a(lib_a-isattyr.o)
 .ARM.attributes
                0x0000000000000fb3       0x32 /usr/bin/../lib/gcc/arm-none-eabi/4.9.3/../../../../arm-none-eabi/lib/armv7e-m/softfp/libc_nano.a(lib_a-nano-msizer.o)
 .ARM.attributes
                0x0000000000000fe5       0x22 /usr/bin/../lib/gcc/arm-none-eabi/4.9.3/armv7e-m/softfp/libgcc.a(_arm_addsubdf3.o)
 .ARM.attributes
                0x0000000000001007       0x22 /usr/bin/../lib/gcc/arm-none-eabi/4.9.3/armv7e-m/softfp/libgcc.a(_arm_muldivdf3.o)
 .ARM.attributes
                0x0000000000001029       0x22 /usr/bin/../lib/gcc/arm-none-eabi/4.9.3/armv7e-m/softfp/libgcc.a(_arm_cmpdf2.o)
 .ARM.attributes
                0x000000000000104b       0x22 /usr/bin/../lib/gcc/arm-none-eabi/4.9.3/armv7e-m/softfp/libgcc.a(_arm_fixdfsi.o)
 .ARM.attributes
                0x000000000000106d       0x22 /usr/bin/../lib/gcc/arm-none-eabi/4.9.3/armv7e-m/softfp/libgcc.a(_arm_fixunsdfsi.o)
 .ARM.attributes
                0x000000000000108f       0x22 /usr/bin/../lib/gcc/arm-none-eabi/4.9.3/armv7e-m/softfp/libgcc.a(_arm_truncdfsf2.o)
 .ARM.attributes
                0x00000000000010b1       0x32 /usr/bin/../lib/gcc/arm-none-eabi/4.9.3/armv7e-m/softfp/crtend.o
 .ARM.attributes
                0x00000000000010e3       0x22 /usr/bin/../lib/gcc/arm-none-eabi/4.9.3/armv7e-m/softfp/crtn.o

.comment        0x0000000000000000       0x70
 .comment       0x0000000000000000       0x70 /home/kleber/Downloads/mbed-master/build/mbed/TARGET_MTS_MDOT_F405RG/TOOLCHAIN_GCC_ARM/stm32f4xx_hal_adc.o
                                         0x71 (size before relaxing)
 .comment       0x0000000000000000       0x71 /home/kleber/Downloads/mbed-master/build/mbed/TARGET_MTS_MDOT_F405RG/TOOLCHAIN_GCC_ARM/stm32f4xx_hal_gpio.o
 .comment       0x0000000000000000       0x71 /home/kleber/Downloads/mbed-master/build/mbed/TARGET_MTS_MDOT_F405RG/TOOLCHAIN_GCC_ARM/cmsis_nvic.o
 .comment       0x0000000000000000       0x71 /home/kleber/Downloads/mbed-master/build/mbed/TARGET_MTS_MDOT_F405RG/TOOLCHAIN_GCC_ARM/stm32f4xx_hal_cortex.o
 .comment       0x0000000000000000       0x71 /home/kleber/Downloads/mbed-master/build/mbed/TARGET_MTS_MDOT_F405RG/TOOLCHAIN_GCC_ARM/stm32f4xx_hal_tim_ex.o
 .comment       0x0000000000000000       0x71 /home/kleber/Downloads/mbed-master/build/mbed/TARGET_MTS_MDOT_F405RG/TOOLCHAIN_GCC_ARM/stm32f4xx_hal_tim.o
 .comment       0x0000000000000000       0x71 /home/kleber/Downloads/mbed-master/build/mbed/TARGET_MTS_MDOT_F405RG/TOOLCHAIN_GCC_ARM/mbed_overrides.o
 .comment       0x0000000000000000       0x71 /home/kleber/Downloads/mbed-master/build/mbed/TARGET_MTS_MDOT_F405RG/TOOLCHAIN_GCC_ARM/board.o
 .comment       0x0000000000000000       0x71 /home/kleber/Downloads/mbed-master/build/mbed/TARGET_MTS_MDOT_F405RG/TOOLCHAIN_GCC_ARM/stm32f4xx_hal_rcc.o
 .comment       0x0000000000000000       0x71 /home/kleber/Downloads/mbed-master/build/mbed/TARGET_MTS_MDOT_F405RG/TOOLCHAIN_GCC_ARM/stm32f4xx_hal_msp_template.o
 .comment       0x0000000000000000       0x71 /home/kleber/Downloads/mbed-master/build/mbed/TARGET_MTS_MDOT_F405RG/TOOLCHAIN_GCC_ARM/stm32f4xx_hal.o
 .comment       0x0000000000000000       0x71 /home/kleber/Downloads/mbed-master/build/mbed/TARGET_MTS_MDOT_F405RG/TOOLCHAIN_GCC_ARM/retarget.o
 .comment       0x0000000000000000       0x71 /home/kleber/Downloads/mbed-master/build/mbed/TARGET_MTS_MDOT_F405RG/TOOLCHAIN_GCC_ARM/stm32f4xx_hal_uart.o
 .comment       0x0000000000000000       0x71 /home/kleber/Downloads/mbed-master/build/mbed/TARGET_MTS_MDOT_F405RG/TOOLCHAIN_GCC_ARM/system_stm32f4xx.o
 .comment       0x0000000000000000       0x71 /home/kleber/Downloads/mbed-master/build/mbed/TARGET_MTS_MDOT_F405RG/TOOLCHAIN_GCC_ARM/hal_tick.o
 .comment       0x0000000000000000       0x71 ./obj/user/main.o
 .comment       0x0000000000000000       0x71 /home/kleber/Downloads/mbed-master/build/mbed/TARGET_MTS_MDOT_F405RG/TOOLCHAIN_GCC_ARM/libmbed.a(analogin_api.o)
 .comment       0x0000000000000000       0x71 /home/kleber/Downloads/mbed-master/build/mbed/TARGET_MTS_MDOT_F405RG/TOOLCHAIN_GCC_ARM/libmbed.a(pwmout_api.o)
 .comment       0x0000000000000000       0x71 /home/kleber/Downloads/mbed-master/build/mbed/TARGET_MTS_MDOT_F405RG/TOOLCHAIN_GCC_ARM/libmbed.a(serial_api.o)
 .comment       0x0000000000000000       0x71 /home/kleber/Downloads/mbed-master/build/mbed/TARGET_MTS_MDOT_F405RG/TOOLCHAIN_GCC_ARM/libmbed.a(assert.o)